warning: unexpected `cfg` condition value: `128`
   --> vendor/ahash/src/fallback_hash.rs:164:11
    |
164 |     #[cfg(target_pointer_width = "128")]
    |           ^^^^^^^^^^^^^^^^^^^^^^^^^^^^
    |
    = note: expected values for `target_pointer_width` are: `16`, `32`, and `64`
    = note: see <https://doc.rust-lang.org/nightly/rustc/check-cfg/cargo-specifics.html> for more information about checking conditional configuration
    = note: `#[warn(unexpected_cfgs)]` on by default

warning: unexpected `cfg` condition name: `fuzzing`
  --> vendor/ahash/src/random_state.rs:48:58
   |
48 |     if #[cfg(all(feature = "compile-time-rng", any(test, fuzzing)))] {
   |                                                          ^^^^^^^
   |
   = help: expected names are: `docsrs`, `feature`, `folded_multiply`, `specialize`, and `test` and 31 more
   = help: consider using a Cargo feature instead
   = help: or consider adding in `Cargo.toml` the `check-cfg` lint config for the lint:
            [lints.rust]
            unexpected_cfgs = { level = "warn", check-cfg = ['cfg(fuzzing)'] }
   = help: or consider adding `println!("cargo::rustc-check-cfg=cfg(fuzzing)");` to the top of the `build.rs`
   = note: see <https://doc.rust-lang.org/nightly/rustc/check-cfg/cargo-specifics.html> for more information about checking conditional configuration

warning: unexpected `cfg` condition name: `fuzzing`
  --> vendor/ahash/src/random_state.rs:68:54
   |
68 |     } else if #[cfg(all(feature = "runtime-rng", not(fuzzing)))] {
   |                                                      ^^^^^^^
   |
   = help: consider using a Cargo feature instead
   = help: or consider adding in `Cargo.toml` the `check-cfg` lint config for the lint:
            [lints.rust]
            unexpected_cfgs = { level = "warn", check-cfg = ['cfg(fuzzing)'] }
   = help: or consider adding `println!("cargo::rustc-check-cfg=cfg(fuzzing)");` to the top of the `build.rs`
   = note: see <https://doc.rust-lang.org/nightly/rustc/check-cfg/cargo-specifics.html> for more information about checking conditional configuration

warning: methods `read_u128x2`, `read_u128x4`, `read_last_u16`, `read_last_u128x2`, and `read_last_u128x4` are never used
  --> vendor/ahash/src/convert.rs:69:8
   |
64 | pub(crate) trait ReadFromSlice {
   |                  ------------- methods in this trait
...
69 |     fn read_u128x2(&self) -> ([u128; 2], &[u8]);
   |        ^^^^^^^^^^^
70 |     fn read_u128x4(&self) -> ([u128; 4], &[u8]);
   |        ^^^^^^^^^^^
71 |     fn read_last_u16(&self) -> u16;
   |        ^^^^^^^^^^^^^
...
75 |     fn read_last_u128x2(&self) -> [u128; 2];
   |        ^^^^^^^^^^^^^^^^
76 |     fn read_last_u128x4(&self) -> [u128; 4];
   |        ^^^^^^^^^^^^^^^^
   |
   = note: `#[warn(dead_code)]` on by default

warning: `ahash` (lib) generated 4 warnings
warning: `ahash` (lib) generated 4 warnings (4 duplicates)
   Compiling weft-core v0.1.0 (/Users/erik/Projects/weft/crates/weft-core)
warning: method `finish` is never used
   --> crates/weft-core/src/syntax.rs:243:19
    |
206 | impl Parser {
    | ----------- method in this implementation
...
243 |     pub(crate) fn finish(&mut self) -> Result<()> {
    |                   ^^^^^^
    |
    = note: `#[warn(dead_code)]` on by default

warning: `weft-core` (lib test) generated 1 warning
    Finished `test` profile [unoptimized + debuginfo] target(s) in 2.70s
     Running unittests src/lib.rs (/private/tmp/umf-security-weft-bridge-target/debug/deps/weft_core-189cbadb0bdab47b)

running 124 tests
test json::bounded_transport_tests::byte_limits_count_utf8_and_whitespace ... ok
test backend_emission::tests::numeric_results_require_exact_text_decoders ... ok
test backend_emission::tests::scalar_carriers_preserve_family_nullability_and_facets ... ok
test security_association_ref::tests::malformed_or_ambiguous_selectors_refuse ... ok
test security_association_ref::tests::reference_shapes_roundtrip_without_record_graph_namespace_erasure ... ok
test security_candidate_dependencies::tests::dependency_budgets_refuse_work_and_text_exhaustion ... ok
test backend::tests::obligations_are_retained_sorted_and_conflicts_refuse ... ok
test backend_emission::tests::exact_numeric_slots_refuse_invalid_domains_and_lexemes ... ok
test backend_emission::tests::parameter_domain_guards_have_exact_diagnostics ... ok
test json::bounded_transport_tests::duplicate_members_and_malformed_json_refuse ... ok
test json::bounded_transport_tests::charged_reader_uses_the_callers_actual_remaining_work ... ok
test json::bounded_transport_tests::depth_counts_root_and_nodes_count_values_not_names ... ok
test json::bounded_transport_tests::ordinary_reserved_looking_objects_survive_every_reader ... ok
test security_candidate_dependencies::tests::graph_endpoint_charges_every_retained_identifier_copy_before_issuance ... ok
test security_association_ref::tests::all_qualified_components_and_unicode_spelling_remain_distinct ... ok
test backend_emission::tests::initial_plan_requires_projection_root_before_output_validation ... ok
test security_candidate_incidence::tests::empty_unused_populations_require_declared_supported_relationships ... ok
test security_candidate_incidence::tests::equal_numeric_carriers_retain_distinct_domains_and_catalog_custody ... ok
test security_candidate_incidence::tests::fact_budget_accumulates_across_coherent_fields_in_both_orders ... ok
test security_candidate_incidence::tests::empty_graph_quantifier_cannot_hide_unsupported_nested_profiles ... ok
test security_candidate_incidence::tests::aggregate_normalized_storage_is_bounded_before_retention ... ok
test backend_emission::tests::presence_and_native_null_require_qualified_descriptors ... ok
test backend_emission::tests::related_result_metadata_preserves_authored_key_and_bound ... ok
test security_candidate_incidence::tests::matching_first_bundle_cannot_hide_later_source_substitution ... ok
test security_composition::tests::complete_strong_kleene_tables_and_bounds ... ok
test security_candidate_incidence::tests::entity_identity_preserves_key_order_exact_numbers_and_domains ... ok
test security_composition::tests::portable_typescript_truth_corpus_correspondence ... ok
test security_candidate_incidence::tests::graph_ir_budgets_are_charged_after_a_first_matching_witness ... ok
test security_candidate_incidence::tests::identity_payload_budgets_and_unused_binding_checks_are_isolated ... ok
test security_evaluation::faithful_fact_tests::raw_literal_objects_cannot_masquerade_through_typed_fact_consumers ... ok
test resolve::tests::typed_ast_resolver_literal_boundary_and_empty_join_refusal ... ok
test security_composition::tests::missing_protected_disposition_false_permit_and_mask_conflict ... ok
test security_candidate_incidence::tests::raw_composite_endpoint_retains_order_domain_and_source_custody ... ok
test security_composition::tests::transform_identity_uses_exact_value_and_qualified_output_domain ... ok
test security_evaluation::tests::record_fact_evaluator_refuses_graph_variants_instead_of_empty_relations ... ok
test security_ir::tests::existential_ir_preserves_record_and_relationship_reference_shapes ... ok
test security_candidate_incidence::tests::raw_witness_projects_endpoints_from_one_source_bound_record ... ok
test security_obligation_custody::faithful_parameter_tests::malformed_manifest_roots_refuse_without_panicking ... ok
test security_ir::tests::plan_reuse_refuses_mutated_prepared_definitions ... ok
test security_candidate_incidence::tests::bundle_requires_complete_distinct_role_specific_endpoints ... ok
test security_obligation_custody::tests::closed_projection_preserves_complete_declared_inventory ... ok
test security_obligation_custody::faithful_parameter_tests::typed_status_and_owner_do_not_accept_object_enum_carriers ... ok
test security_obligation_custody::tests::complete_inventory_and_repeated_provenance_are_retained ... ok
test security_obligation_custody::tests::exact_inventory_budget_and_parameter_depth_are_atomic ... ok
test security_obligation_custody::tests::diamond_dag_shared_dependencies_and_isolated_cycle_are_distinct ... ok
test security_obligation_custody::tests::exact_selection_retains_empty_capabilities_from_immutable_registration ... ok
test security_obligation_custody::tests::host_reconstruction_requires_exact_bytes_and_target ... ok
test security_obligation_custody::tests::original_bytes_and_opaque_parameters_survive_callback_drift ... ok
test security_obligation_custody::tests::incomplete_duplicate_inapplicable_and_status_selection_refuse ... ok
test security_obligation_custody::tests::prerequisites_resolve_only_in_complete_selected_capability_inventory ... ok
test security_obligation_custody::tests::prerequisite_closure_and_disconnected_cycles_refuse_atomically ... ok
test security_obligation_custody::tests::projection_work_and_utf8_limits_refuse_before_returning_inventory ... ok
test security_obligation_custody::tests::repeated_id_parameter_owner_and_failure_code_conflicts_refuse ... ok
test security_candidate_incidence::tests::graph_rule_matches_subject_and_resource_exact_logical_identities ... ok
test security_obligation_custody::tests::scoped_decoder_retains_paired_subjects_originals_and_all_origins ... ok
test security_obligation_custody::tests::shared_obligation_comparisons_have_independent_budget_cost ... ok
test security_obligation_custody::tests::scoped_decoder_refuses_ambiguous_subjects_and_legacy_parameters ... ok
test security_obligation_custody::tests::unknown_projection_meaning_owner_and_carriers_refuse ... ok
test security_obligation_sources::tests::tuple_encoding_preserves_escaping_boundaries_and_exact_utf8_limits ... ok
test security_candidate_incidence::tests::original_graph_ir_preserves_nested_outer_witness_correlation ... ok
test security_evaluation::tests::nested_same_type_relation_and_bag_multiplicity_are_preserved ... ok
test security_obligation_custody::faithful_parameter_tests::raw_manifest_reserved_looking_keys_are_ordinary_opaque_members ... ok
test security_evaluation::tests::unknown_cut_members_and_key_field_mismatch_refuse ... ok
test security_candidate_incidence::tests::raw_population_admission_budgets_identity_and_all_sources ... ok
test security_obligation_custody::tests::scoped_decoder_checks_disconnected_dag_and_repeated_origin_expansion_bound ... ok
test security_candidate_incidence::tests::existential_simulation_keeps_both_endpoints_on_the_same_bundle ... ok
test security_candidate_incidence::tests::authored_abac_graph_rule_uses_exact_resource_fields_and_subject_identity ... ok
test security_query_uses::tests::extraction_covers_every_operator_and_both_join_occurrences ... ok
test security_candidate_incidence::tests::mixed_raw_ownership_and_graph_membership_keep_project_correlation ... ok
test security_candidate_incidence::tests::stored_and_context_same_field_are_independent_channels ... ok
test security_query_profile::tests::actual_resolved_predicate_derives_profile_action_without_caller_annotation ... ok
test security_query_uses::tests::field_free_counts_preserve_scan_and_keyset_fields_are_predicate_uses ... ok
test security_query_uses::tests::ordered_alias_outputs_survive_dependency_deduplication_and_stale_models_refuse ... ok
test security_record_homes::tests::exact_integer_native_image_never_rounds_or_expands_unboundedly ... ok
test security_query_profile::tests::mapping_handoff_keeps_self_join_occurrences_and_field_free_count_authority ... ok
test security_query_profile::tests::bound_action_is_derived_and_unrelated_granted_action_cannot_substitute ... ok
test security_query_profile::tests::mapping_handoff_preserves_plan_identity_dependencies_and_source_refusal ... ok
test security_query_profile::tests::scan_obligations_preserve_correlated_keys_and_field_free_count_dependencies ... ok
test security_query_profile::tests::complete_qualified_bindings_unknown_meaning_and_exact_pins_are_required ... ok
test security_query_profile::tests::original_action_false_branches_and_context_are_retained_without_constant_fact_reads ... ok
test security_query_profile::tests::profile_reuse_is_exact_source_custody_not_a_native_mapping_claim ... ok
test security_record_homes::tests::late_key_and_role_matches_consume_each_comparison ... ok
test security_composition::tests::all_permit_require_forbid_truths_and_rule_order ... ok
test security_requirements::tests::budget_refuses_before_allocation_or_underflow ... ok
test security_scan_obligations::tests::inventory_work_and_identifier_text_limits_refuse_before_underflow ... ok
test security_scan_obligations::tests::record_inventory_collector_refuses_graph_namespaces_before_inventing_reads ... ok
test security_result_check::tests::normalized_numeric_payload_is_charged_independently_of_short_tokens ... ok
test security_record_homes::tests::actual_context_dependencies_refuse_even_under_false_branches ... ok
test security_obligation_sources::tests::demand_retention_merges_edges_and_refuses_exact_bound_overrun ... ok
test security_semantic_coverage::tests::allocation_relation_bounds_refuse_empty_duplicate_scope_and_overflow ... ok
test security_semantic_coverage::tests::closed_domain_grammar_refuses_unknown_positional_duplicate_and_numeric_meaning ... ok
test security_requirements::derivation_tests::actual_admitted_count_cannot_issue_requirements_after_work_or_text_exhaustion ... ok
test security_record_homes::tests::single_budget_refuses_before_partial_correspondence ... ok
test security_semantic_coverage::tests::allocation_issuer_borrows_actual_registration_and_context_after_callback_drift ... ok
test security_semantic_coverage::tests::actual_owner_coverage_keeps_whole_conditions_selection_and_output_positions ... ok
test security_semantic_coverage::tests::entire_component_budget_refuses_before_lookup_copy_or_matching_overrun ... ok
test security_semantic_coverage::tests::false_branch_retains_whole_correlated_condition_at_exact_declared_bounds ... ok
test security_record_homes::tests::same_domain_composite_endpoints_keep_position_and_own_association_key ... ok
test security_semantic_coverage::tests::actual_context_and_original_authorized_modes_keep_source_channels ... ok
test security_semantic_coverage::tests::issued_allocations_keep_all_complete_candidates_without_fragment_union ... ok
test security_semantic_coverage::tests::composite_key_sources_retain_actual_same_domain_member_order ... ok
test security_semantic_coverage::tests::issued_allocations_keep_original_authorized_action_separate_from_read ... ok
test security_semantic_coverage::tests::issued_selfjoin_allocations_preserve_scopes_and_whole_application ... ok
test security_record_homes::tests::actual_raw_typed_and_discriminated_homes_keep_natural_keys_and_scan_occurrences ... ok
test security_semantic_coverage::tests::issued_source_demands_accumulate_distinct_original_actions_on_one_field ... ok
test security_semantic_coverage::tests::field_free_count_and_selfjoin_keep_actual_plan_requirements ... ok
test security_semantic_coverage::tests::issued_source_demands_keep_output_selfjoin_and_false_branch_ownership ... ok
test security_semantic_coverage::tests::issued_source_demands_match_independent_complete_fixture_map_and_exact_budgets ... ok
test security_record_homes::tests::known_literal_native_images_survive_false_branches_and_empty_results ... ok
test security_semantic_coverage::tests::partial_capabilities_source_substitution_and_unknown_selected_targets_refuse ... ok
test security_semantic_coverage::tests::issued_source_demands_preserve_disjoint_candidates_and_zero_edge_selection ... ok
test security_record_homes::tests::exact_registration_pins_and_closed_transport_refuse ... ok
test security_semantic_coverage::tests::source_paths_preserve_selfjoin_occurrences_and_field_free_count ... ok
test security_record_homes::tests::metadata_only_transforms_and_selected_unknown_meaning_are_checked ... ok
test security_semantic_coverage::tests::scoped_matching_refuses_agreeing_fragments_and_foreign_subjects_but_allows_distinct_complete_scopes ... ok
test security_semantic_coverage::tests::scoped_matching_uses_actual_owner_demands_and_independent_required_contracts ... ok
test security_semantic_coverage::tests::projected_sources_require_actual_complete_owner_inventory ... ok
test security_record_homes::tests::complete_actual_keys_endpoints_fields_and_revisions_cannot_be_substituted ... ok
test security_evaluation::faithful_fact_tests::actual_simulation_refuses_raw_value_wrapped_keys_fields_and_context ... ok
test security_record_homes::tests::source_reuse_partition_carrier_and_subject_correspondence_are_distinct ... ok
test security_candidate_incidence::tests::record_backed_graph_fields_stay_with_their_edge_endpoints ... ok
test security_evaluation::tests::repeated_large_identity_work_refuses_without_returning_an_admitted_prefix ... ok
test security_evaluation::tests::portable_project_membership_and_whole_collection_refusal_correspondence ... ok
test security_candidate_incidence::tests::existential_simulation_matches_independent_finite_edge_oracle ... ok

test result: ok. 124 passed; 0 failed; 0 ignored; 0 measured; 0 filtered out; finished in 1.19s

