bun test v1.4.2 (744846f84)

.cache/actions-merged-semantics/behavior.test.ts:
facets tablespec 0
facets tablespec 40
facets tablespec 80
facets tablespec 120
facets tablespec 160
facets tablespec 200
facets tablespec 240
facets tablespec 280
facets tablespec 320
facets tablespec 360
facets tablespec 400
facets tablespec 440
facets tablespec 480
facets tablespec 520
facets postgresql 0
facets postgresql 40
facets postgresql 80
facets postgresql 120
facets postgresql 160
facets postgresql 200
facets sqlserver 0
facets sqlserver 40
facets sqlserver 80
facets sqlserver 120
facets sqlserver 160
facets sqlserver 200
facets avro 0
facets avro 40
facets avro 80
facets avro 120
facets avro 160
facets avro 200
facets avro 240
facets avro 280
facets avro 320
facets avro 360
facets avro 400
facets avro 440
facets avro 480
facets avro 520
facets avro 560
facets parquet 0
facets parquet 40
facets parquet 80
facets parquet 120
facets parquet 160
facets parquet 200
(pass) merged facet behavioral assertions; admission remains baseline scoped [648544.86ms]
(pass) merged Key recoveries and identity conflicts; admission remains baseline scoped [28278.70ms]
{"mergedRelationshipBindingReplay":{"command":["bun","test","tests/core/relationship-ideal.test.ts","tests/core/relationship-transition.test.ts","tests/core/relationship-operations.test.ts","tests/core-ideals/relationship-tablespec-projection.test.ts","tests/core-ideals/relationship-avro-projection.test.ts","tests/core-ideals/relationship-parquet.test.ts","tests/core-ideals/relationship-sqlserver.test.ts","tests/core-ideals/relationship-postgresql.test.ts","tests/core-ideals/relationship-extras.test.ts"],"passed":408,"failed":0,"logSha256":"214a1319dc078fb8e27f8fcdef199558d8f089b35c3f2ae3e0f6e9c3a4cce938"}}
(pass) merged relationship binding replay launches the complete nine-file suite [80564.12ms]

 3 pass
 0 fail
 47 expect() calls
Ran 3 tests across 1 file. [760.92s]
