bun test v1.4.2 (744846f84)

tests/typespec/native.test.ts:
(pass) US-013-AC1: source bundles retain exact files through JSON/YAML and compile [151.85ms]
(pass) US-013-AC2: candidate source edits get fresh native semantic diagnostics [84.17ms]
(pass) US-013-AC3: unknown representation remains in UMF and unsupported imports are explicit [35.39ms]

tests/typespec/emission.test.ts:
(pass) US-013-AC12: native emitter produces stable complete multi-file output after source round trip [50.08ms]
(pass) US-013-AC13: emitter policy, invalid compilation and empty selections are explicit [41.32ms]
(pass) US-013-AC14: numeric policy losses are explicit and edited constraints change native validators [134.62ms]

tests/typespec/projection.test.ts:
(pass) US-013-AC15: native TypeSpec projection preserves emitted reference resources and source [70.83ms]
(pass) US-013-AC16: strict policy, absent roots and invalid retrieval/format choices block target use [35.00ms]

tests/typespec/all-libraries.test.ts:
(pass) US-013-AC11: all registered official libraries compile the upstream corpus with explicit remaining failures [1655.59ms]

tests/typespec/corpus.test.ts:
(pass) US-013-AC7: every pinned upstream sample is accounted for without hiding compiler limits [1584.45ms]
(pass) US-013-AC8: upstream string templates expose compiled values after source round trip [36.75ms]

tests/typespec/libraries.test.ts:
(pass) US-013-AC9: exact library selections survive round trip and reject unavailable versions [89.71ms]
(pass) US-013-AC10: library-enabled upstream corpus outcomes remain explicit [1584.80ms]

tests/typespec/semantic.test.ts:
(pass) US-013-AC5: compiled graph preserves recursion, inheritance, operations and exact literals [45.54ms]
(pass) US-013-AC6: invalid compilation and unresolved selections cannot claim available graphs [34.52ms]

tests/smithy/sources.test.ts:
(pass) US-014-AC7: IDL/JSON source bundles preserve exact text and candidate edits [88.84ms]
(pass) US-014-AC8: source path constraints and unknown representation remain explicit [34.43ms]
(pass) US-014-AC9: all pinned valid-loader IDL fixtures survive exact source round trips [1248.49ms]
(pass) US-014-AC13: pinned invalid-loader inventory and every fixture hash remain intact [50.20ms]
(pass) US-014-AC13: apply/apply-block-missing-closing.smithy retains exact source without claiming validity [21.55ms]
(pass) US-014-AC13: apply/apply-missing-newline.smithy retains exact source without claiming validity [17.71ms]
(pass) US-014-AC13: apply/apply-missing-space.smithy retains exact source without claiming validity [17.21ms]
(pass) US-014-AC13: apply/apply-missing-trait-value.smithy retains exact source without claiming validity [21.17ms]
(pass) US-014-AC13: control/control-colon-newline.smithy retains exact source without claiming validity [18.52ms]
(pass) US-014-AC13: control/control-missing-value.smithy retains exact source without claiming validity [18.25ms]
(pass) US-014-AC13: control/control-newline.smithy retains exact source without claiming validity [21.24ms]
(pass) US-014-AC13: control/control-statement-before-others.smithy retains exact source without claiming validity [16.08ms]
(pass) US-014-AC13: control/control-version-defined-twice.smithy retains exact source without claiming validity [20.02ms]
(pass) US-014-AC13: control/control-with-invalid-key.smithy retains exact source without claiming validity [22.80ms]
(pass) US-014-AC13: control/control-with-invalid-key2.smithy retains exact source without claiming validity [17.72ms]
(pass) US-014-AC13: control/control-with-no-colon.smithy retains exact source without claiming validity [17.32ms]
(pass) US-014-AC13: control/no-newline-after-control.smithy retains exact source without claiming validity [23.13ms]
(pass) US-014-AC13: defaults/default-in-v1.smithy retains exact source without claiming validity [22.78ms]
(pass) US-014-AC13: defaults/default-incomplete-node.smithy retains exact source without claiming validity [17.06ms]
(pass) US-014-AC13: defaults/default-missing-structure-close.smithy retains exact source without claiming validity [21.24ms]
(pass) US-014-AC13: defaults/default-missing-value.smithy retains exact source without claiming validity [18.00ms]
(pass) US-014-AC13: defaults/default-with-newline-before-value.smithy retains exact source without claiming validity [17.10ms]
(pass) US-014-AC13: defaults/missing-newline-after-assignment.smithy retains exact source without claiming validity [20.48ms]
(pass) US-014-AC13: elision/elide-nonexistent-id.smithy retains exact source without claiming validity [17.47ms]
(pass) US-014-AC13: elision/elided-property-type-conflicts.smithy retains exact source without claiming validity [17.14ms]
(pass) US-014-AC13: elision/elided-type-conflicts.smithy retains exact source without claiming validity [21.38ms]
(pass) US-014-AC13: elision/eliding-with-resources-in-v1.smithy retains exact source without claiming validity [17.10ms]
(pass) US-014-AC13: elision/eliding-without-resources-v1.smithy retains exact source without claiming validity [17.20ms]
(pass) US-014-AC13: elision/for-after-with.smithy retains exact source without claiming validity [21.64ms]
(pass) US-014-AC13: elision/for-referencing-non-resource.smithy retains exact source without claiming validity [16.58ms]
(pass) US-014-AC13: elision/list-member-elision-in-v1.smithy retains exact source without claiming validity [17.50ms]
(pass) US-014-AC13: elision/structure-member-elision-in-v1.smithy retains exact source without claiming validity [21.56ms]
(pass) US-014-AC13: enums/enum-with-bad-values.smithy retains exact source without claiming validity [17.65ms]
(pass) US-014-AC13: enums/enum-with-duplicates.smithy retains exact source without claiming validity [19.13ms]
(pass) US-014-AC13: enums/enum-with-newline-before-value.smithy retains exact source without claiming validity [21.27ms]
(pass) US-014-AC13: enums/enum-without-member.smithy retains exact source without claiming validity [18.29ms]
(pass) US-014-AC13: enums/idl-enums-in-v1.smithy retains exact source without claiming validity [16.91ms]
(pass) US-014-AC13: enums/int-enum-without-member.smithy retains exact source without claiming validity [21.28ms]
(pass) US-014-AC13: enums/intEnum-with-bad-value.smithy retains exact source without claiming validity [17.71ms]
(pass) US-014-AC13: enums/intEnum-with-duplicates.smithy retains exact source without claiming validity [16.41ms]
(pass) US-014-AC13: enums/intEnum-with-float.smithy retains exact source without claiming validity [22.12ms]
(pass) US-014-AC13: enums/intEnum-with-long.smithy retains exact source without claiming validity [17.78ms]
(pass) US-014-AC13: enums/missing-newline-after-assignment.smithy retains exact source without claiming validity [17.15ms]
(pass) US-014-AC13: inline-io/inline-error.smithy retains exact source without claiming validity [20.57ms]
(pass) US-014-AC13: inline-io/inline-io-in-explicit-1-0.smithy retains exact source without claiming validity [17.87ms]
(pass) US-014-AC13: inline-io/inline-io-in-implicit-1-0.smithy retains exact source without claiming validity [16.95ms]
(pass) US-014-AC13: inline-io/inline-name-override.smithy retains exact source without claiming validity [20.15ms]
(pass) US-014-AC13: inline-io/inline-single-error.smithy retains exact source without claiming validity [18.50ms]
(pass) US-014-AC13: inline-io/inline-structure-member.smithy retains exact source without claiming validity [20.57ms]
(pass) US-014-AC13: inline-io/walrus-operator-in-node.smithy retains exact source without claiming validity [17.44ms]
(pass) US-014-AC13: lists/list-empty-members.smithy retains exact source without claiming validity [16.87ms]
(pass) US-014-AC13: lists/no-sets-in-v2.smithy retains exact source without claiming validity [21.07ms]
(pass) US-014-AC13: lists/set-empty-members.smithy retains exact source without claiming validity [20.18ms]
(pass) US-014-AC13: maps/map-empty-members.smithy retains exact source without claiming validity [16.70ms]
(pass) US-014-AC13: maps/map-unclosed-parameters1.smithy retains exact source without claiming validity [22.44ms]
(pass) US-014-AC13: maps/map-unclosed-parameters2.smithy retains exact source without claiming validity [17.57ms]
(pass) US-014-AC13: maps/map-unclosed-parameters3.smithy retains exact source without claiming validity [17.02ms]
(pass) US-014-AC13: maps/map-unclosed-parameters4.smithy retains exact source without claiming validity [21.05ms]
(pass) US-014-AC13: metadata/invalid-object-shape-id-key.smithy retains exact source without claiming validity [17.67ms]
(pass) US-014-AC13: metadata/invalid-object-text-block-key.smithy retains exact source without claiming validity [19.04ms]
(pass) US-014-AC13: metadata/invalid-unquoted-shape-id.smithy retains exact source without claiming validity [21.86ms]
(pass) US-014-AC13: metadata/metadata-multiple-lines.smithy retains exact source without claiming validity [18.23ms]
(pass) US-014-AC13: metadata/metadata-must-come-before-namespace.smithy retains exact source without claiming validity [18.07ms]
(pass) US-014-AC13: metadata/metadata-with-invalid-key.smithy retains exact source without claiming validity [21.43ms]
(pass) US-014-AC13: metadata/no-newline-after-metadata.smithy retains exact source without claiming validity [17.84ms]
(pass) US-014-AC13: metadata/not-newline-after-metadata.smithy retains exact source without claiming validity [17.02ms]
(pass) US-014-AC13: metadata/space-after-metadata-quoted.smithy retains exact source without claiming validity [21.85ms]
(pass) US-014-AC13: metadata/space-after-metadata-unquoted.smithy retains exact source without claiming validity [17.34ms]
(pass) US-014-AC13: metadata/space-after-node-array-keyword.smithy retains exact source without claiming validity [18.74ms]
(pass) US-014-AC13: mixins/dangling-with.smithy retains exact source without claiming validity [21.33ms]
(pass) US-014-AC13: mixins/invalid-statement-after-structure-name.smithy retains exact source without claiming validity [17.58ms]
(pass) US-014-AC13: mixins/member-mixin-conflict-1.smithy retains exact source without claiming validity [19.69ms]
(pass) US-014-AC13: mixins/member-mixin-conflict-2.smithy retains exact source without claiming validity [21.31ms]
(pass) US-014-AC13: mixins/missing-rest-of-with-word.smithy retains exact source without claiming validity [17.79ms]
(pass) US-014-AC13: mixins/mix-types.smithy retains exact source without claiming validity [16.77ms]
(pass) US-014-AC13: mixins/mixins-trait-in-explicit-1-0.smithy retains exact source without claiming validity [21.06ms]
(pass) US-014-AC13: mixins/mixins-trait-in-implicit-1-0.smithy retains exact source without claiming validity [18.26ms]
(pass) US-014-AC13: mixins/mixins-usage-in-explicit-1-0.smithy retains exact source without claiming validity [20.12ms]
(pass) US-014-AC13: mixins/mixins-usage-in-implicit-1-0.smithy retains exact source without claiming validity [24.21ms]
(pass) US-014-AC13: mixins/operation-mixin-with-io.smithy retains exact source without claiming validity [20.16ms]
(pass) US-014-AC13: mixins/resource-mixin-with-properties.smithy retains exact source without claiming validity [19.15ms]
(pass) US-014-AC13: mixins/with-but-no-ids.smithy retains exact source without claiming validity [22.50ms]
(pass) US-014-AC13: mixins/with-on-next-line-bigDecimal.smithy retains exact source without claiming validity [19.84ms]
(pass) US-014-AC13: mixins/with-on-next-line-bigInteger.smithy retains exact source without claiming validity [17.64ms]
(pass) US-014-AC13: mixins/with-on-next-line-blob.smithy retains exact source without claiming validity [21.90ms]
(pass) US-014-AC13: mixins/with-on-next-line-boolean.smithy retains exact source without claiming validity [18.27ms]
(pass) US-014-AC13: mixins/with-on-next-line-byte.smithy retains exact source without claiming validity [17.26ms]
(pass) US-014-AC13: mixins/with-on-next-line-document.smithy retains exact source without claiming validity [22.65ms]
(pass) US-014-AC13: mixins/with-on-next-line-double.smithy retains exact source without claiming validity [17.86ms]
(pass) US-014-AC13: mixins/with-on-next-line-float.smithy retains exact source without claiming validity [18.54ms]
(pass) US-014-AC13: mixins/with-on-next-line-integer.smithy retains exact source without claiming validity [22.80ms]
(pass) US-014-AC13: mixins/with-on-next-line-list.smithy retains exact source without claiming validity [19.04ms]
(pass) US-014-AC13: mixins/with-on-next-line-long.smithy retains exact source without claiming validity [19.17ms]
(pass) US-014-AC13: mixins/with-on-next-line-map.smithy retains exact source without claiming validity [21.90ms]
(pass) US-014-AC13: mixins/with-on-next-line-resource.smithy retains exact source without claiming validity [19.55ms]
(pass) US-014-AC13: mixins/with-on-next-line-service.smithy retains exact source without claiming validity [17.92ms]
(pass) US-014-AC13: mixins/with-on-next-line-short.smithy retains exact source without claiming validity [21.95ms]
(pass) US-014-AC13: mixins/with-on-next-line-string.smithy retains exact source without claiming validity [18.03ms]
(pass) US-014-AC13: mixins/with-on-next-line-structure.smithy retains exact source without claiming validity [17.03ms]
(pass) US-014-AC13: mixins/with-on-next-line-timestamp.smithy retains exact source without claiming validity [21.00ms]
(pass) US-014-AC13: mixins/with-on-next-line-union.smithy retains exact source without claiming validity [19.97ms]
(pass) US-014-AC13: namespace/namespace-before-shapes.smithy retains exact source without claiming validity [18.16ms]
(pass) US-014-AC13: namespace/namespace-before-traits.smithy retains exact source without claiming validity [16.76ms]
(pass) US-014-AC13: namespace/namespace-defined-twice.smithy retains exact source without claiming validity [18.62ms]
(pass) US-014-AC13: namespace/namespace-multiple-lines.smithy retains exact source without claiming validity [16.95ms]
(pass) US-014-AC13: namespace/namespace-no-newline.smithy retains exact source without claiming validity [20.78ms]
(pass) US-014-AC13: namespace/namespace-syntax-error.smithy retains exact source without claiming validity [17.24ms]
(pass) US-014-AC13: namespace/unclosed-string1.smithy retains exact source without claiming validity [16.39ms]
(pass) US-014-AC13: namespace/unclosed-string2-invalid-single-quote.smithy retains exact source without claiming validity [21.87ms]
(pass) US-014-AC13: namespace/unclosed-string3.smithy retains exact source without claiming validity [17.32ms]
(pass) US-014-AC13: numbers/decimal-with-no-digit-after.smithy retains exact source without claiming validity [17.98ms]
(pass) US-014-AC13: numbers/exponent-with-no-digit.smithy retains exact source without claiming validity [21.98ms]
(pass) US-014-AC13: numbers/exponent-with-sign-then-no-digit.smithy retains exact source without claiming validity [16.10ms]
(pass) US-014-AC13: numbers/leading-decimal.smithy retains exact source without claiming validity [17.80ms]
(pass) US-014-AC13: numbers/negative-with-no-digit.smithy retains exact source without claiming validity [20.71ms]
(pass) US-014-AC13: operations/input-defined-twice.smithy retains exact source without claiming validity [17.30ms]
(pass) US-014-AC13: operations/invalid-operation-properties.smithy retains exact source without claiming validity [19.56ms]
(pass) US-014-AC13: operations/missing-ws-after-input.smithy retains exact source without claiming validity [44.30ms]
(pass) US-014-AC13: parse-errors/absolute-shape-name.smithy retains exact source without claiming validity [16.68ms]
(pass) US-014-AC13: parse-errors/expected-shape-id-after-type.smithy retains exact source without claiming validity [17.50ms]
(pass) US-014-AC13: parse-errors/expected-shape-name-but-eof.smithy retains exact source without claiming validity [20.89ms]
(pass) US-014-AC13: parse-errors/invalid-newline-after-shape-type.smithy retains exact source without claiming validity [17.02ms]
(pass) US-014-AC13: parse-errors/missing-space-after-string.smithy retains exact source without claiming validity [16.46ms]
(pass) US-014-AC13: parse-errors/missing-space-after-structure.smithy retains exact source without claiming validity [20.57ms]
(pass) US-014-AC13: parse-errors/shape-name-syntax.smithy retains exact source without claiming validity [17.38ms]
(pass) US-014-AC13: parse-errors/shape-name-syntax2.smithy retains exact source without claiming validity [17.00ms]
(pass) US-014-AC13: parse-errors/shape-name-syntax3.smithy retains exact source without claiming validity [21.12ms]
(pass) US-014-AC13: parse-errors/statement-unknown.smithy retains exact source without claiming validity [16.96ms]
(pass) US-014-AC13: parse-errors/syntax-error-token.smithy retains exact source without claiming validity [16.51ms]
(pass) US-014-AC13: strings/invalid-escape-apostrophe.smithy retains exact source without claiming validity [21.78ms]
(pass) US-014-AC13: strings/invalid-escape-space.smithy retains exact source without claiming validity [21.21ms]
(pass) US-014-AC13: strings/invalid-unicode-escape.smithy retains exact source without claiming validity [18.53ms]
(pass) US-014-AC13: strings/invalid-unicode-escape2.smithy retains exact source without claiming validity [22.43ms]
(pass) US-014-AC13: strings/invalid-unicode-escape3.smithy retains exact source without claiming validity [18.09ms]
(pass) US-014-AC13: strings/invalid-unicode-escape4.smithy retains exact source without claiming validity [15.91ms]
(pass) US-014-AC13: strings/invalid-unicode-escape5.smithy retains exact source without claiming validity [20.33ms]
(pass) US-014-AC13: strings/text-block-empty.smithy retains exact source without claiming validity [17.26ms]
(pass) US-014-AC13: strings/text-block-invalid-unicode.smithy retains exact source without claiming validity [17.24ms]
(pass) US-014-AC13: strings/text-block-missing-newline.smithy retains exact source without claiming validity [22.87ms]
(pass) US-014-AC13: strings/unclosed-string.smithy retains exact source without claiming validity [17.97ms]
(pass) US-014-AC13: strings/unclosed-string2.smithy retains exact source without claiming validity [16.51ms]
(pass) US-014-AC13: strings/unclosed-string3.smithy retains exact source without claiming validity [21.32ms]
(pass) US-014-AC13: strings/unclosed-text-block.smithy retains exact source without claiming validity [17.69ms]
(pass) US-014-AC13: traits/annotation-invalid-object-key1.smithy retains exact source without claiming validity [16.85ms]
(pass) US-014-AC13: traits/annotation-invalid-object-key2.smithy retains exact source without claiming validity [20.59ms]
(pass) US-014-AC13: traits/annotation-invalid-object-key3.smithy retains exact source without claiming validity [17.29ms]
(pass) US-014-AC13: traits/annotation-unclosed-list1.smithy retains exact source without claiming validity [17.17ms]
(pass) US-014-AC13: traits/annotation-unclosed-list2.smithy retains exact source without claiming validity [21.72ms]
(pass) US-014-AC13: traits/annotation-unclosed-list3.smithy retains exact source without claiming validity [17.61ms]
(pass) US-014-AC13: traits/annotation-unclosed-list4.smithy retains exact source without claiming validity [16.40ms]
(pass) US-014-AC13: traits/annotation-unclosed-object1.smithy retains exact source without claiming validity [21.32ms]
(pass) US-014-AC13: traits/annotation-unclosed-object2.smithy retains exact source without claiming validity [17.48ms]
(pass) US-014-AC13: traits/annotation-unclosed-object3.smithy retains exact source without claiming validity [16.13ms]
(pass) US-014-AC13: traits/annotation-unclosed-object4.smithy retains exact source without claiming validity [22.59ms]
(pass) US-014-AC13: traits/annotation-unclosed-object5.smithy retains exact source without claiming validity [17.07ms]
(pass) US-014-AC13: traits/annotation-unclosed-object6.smithy retains exact source without claiming validity [17.91ms]
(pass) US-014-AC13: traits/invalid-trait-shape-id-key.smithy retains exact source without claiming validity [16.22ms]
(pass) US-014-AC13: traits/invalid-trait-textblock-key.smithy retains exact source without claiming validity [17.34ms]
(pass) US-014-AC13: traits/trait-name-syntax.smithy retains exact source without claiming validity [17.39ms]
(pass) US-014-AC13: traits/trait-on-eof.smithy retains exact source without claiming validity [18.62ms]
(pass) US-014-AC13: traits/trait-trailing.smithy retains exact source without claiming validity [17.83ms]
(pass) US-014-AC13: traits/traits-on-apply.smithy retains exact source without claiming validity [16.60ms]
(pass) US-014-AC13: traits/traits-on-metadata.smithy retains exact source without claiming validity [15.52ms]
(pass) US-014-AC13: traits/traits-on-namespace.smithy retains exact source without claiming validity [17.00ms]
(pass) US-014-AC13: use/conflicting-shape-def.smithy retains exact source without claiming validity [17.39ms]
(pass) US-014-AC13: use/conflicting-trait-def.smithy retains exact source without claiming validity [17.23ms]
(pass) US-014-AC13: use/conflicting-use.smithy retains exact source without claiming validity [21.49ms]
(pass) US-014-AC13: use/use-after-shape.smithy retains exact source without claiming validity [35.54ms]
(pass) US-014-AC13: use/use-after-traitdef.smithy retains exact source without claiming validity [51.45ms]
(pass) US-014-AC13: use/use-empty-namespace.smithy retains exact source without claiming validity [44.47ms]
(pass) US-014-AC13: use/use-invalid-namespace.smithy retains exact source without claiming validity [40.88ms]
(pass) US-014-AC13: use/use-missing-after-namespace.smithy retains exact source without claiming validity [27.21ms]
(pass) US-014-AC13: use/use-missing-namespace.smithy retains exact source without claiming validity [40.60ms]
(pass) US-014-AC13: use/use-missing-newline.smithy retains exact source without claiming validity [25.43ms]
(pass) US-014-AC13: use/use-missing-space.smithy retains exact source without claiming validity [27.04ms]
(pass) US-014-AC13: use/use-multiple-lines-comment.smithy retains exact source without claiming validity [28.98ms]
(pass) US-014-AC13: use/use-multiple-lines.smithy retains exact source without claiming validity [22.94ms]
(pass) US-014-AC13: use/use-must-come-after-namespace.smithy retains exact source without claiming validity [19.49ms]
(pass) US-014-AC13: use/use-statement-invalid-id.smithy retains exact source without claiming validity [24.48ms]
(pass) US-014-AC13: use/use-with-member.smithy retains exact source without claiming validity [21.10ms]
(pass) US-014-AC13: version/idl-int-enums-in-v1.smithy retains exact source without claiming validity [19.63ms]
(pass) US-014-AC13: version/invalid-version-type.smithy retains exact source without claiming validity [22.53ms]
(pass) US-014-AC13: version/properties-v2-only.json retains exact source without claiming validity [18.97ms]
(pass) US-014-AC13: version/properties-v2-only.smithy retains exact source without claiming validity [20.25ms]
(pass) US-014-AC13: version/unsupported-version.smithy retains exact source without claiming validity [24.16ms]
(pass) US-014-AC13: version/version-set-more-than-once.smithy retains exact source without claiming validity [22.17ms]

tests/smithy/native.test.ts:
(pass) US-014-AC1: exact native metadata and recursive service shapes survive JSON/YAML [127.74ms]
(pass) US-014-AC2: unknown native meaning survives; unknown representation blocks export [35.21ms]
(pass) US-014-AC3: every pinned upstream valid-loader JSON fixture round-trips [1752.83ms]

tests/smithy/selection.test.ts:
(pass) US-014-AC14: shape-set query preserves source and validates complete result schema [32.27ms]
(pass) US-014-AC14: invalid responses, failed assembly and selector exceptions expose no shape set [79.24ms]
(pass) US-014-AC15: cancellation between assembly and selection prevents query results [33.57ms]

tests/smithy/projection.test.ts:
(pass) US-014-AC16: explicit native projection retains source and blocks strict claims [87.12ms]
(pass) US-014-AC16: dangling native references and failed emission cannot expose a target [94.74ms]
(pass) US-014-AC17: explicit root-definition profile retains both outputs and refuses missing capability [100.17ms]
(pass) US-014-AC18: service context is explicit, preserved and capability checked [77.46ms]

tests/smithy/worker.test.ts:
(pass) US-014-AC12: worker lifecycle terminates successful, cancelled, timed out and malformed jobs [158.74ms]
(pass) US-014-AC12: worker options reject invalid deadlines and URLs [0.11ms]
(pass) US-014-AC15: selection workers isolate payloads, cancel, time out and recover [23.77ms]

tests/smithy/assembly.test.ts:
(pass) US-014-AC10: assembly contract retains exact model/source and isolates trusted backend input [40.27ms]
(pass) US-014-AC11: native rejection, runtime errors and malformed output expose no assembled model [82.58ms]
(pass) US-014-AC10: AST dependency IDs map to explicit supplied native files [25.02ms]

tests/smithy/bundle.test.ts:
(pass) US-014-AC5: supplied dependency models survive bundle and UMF round trips [119.99ms]
(pass) US-014-AC6: duplicate IDs, malformed dependency AST and unknown representation are explicit [48.31ms]

tests/openapi/schemas.test.ts:
(pass) US-011-AC10: embedded dialect boundaries and literal examples remain distinct [99.28ms]
(pass) US-011-AC11: schema positions cover 3.2 media item schemas and nested encoding headers [26.29ms]

tests/openapi/native.test.ts:
(pass) US-011-AC1: OpenAPI JSON/YAML preserves native operations, schemas, extension content and source [118.74ms]
(pass) US-011-AC2: candidate edits validate object structure and retain original archive [101.25ms]
(pass) US-011-AC3: exact native YAML numbers and unsupported versions stay preserved without false interpretation [57.57ms]
(pass) US-011-AC4: object validation profile rejects structural errors but discloses embedded-schema limits [102.70ms]

tests/openapi/scope.test.ts:
(pass) US-011-AC17: nested IDs, anchors, pointer aliases and $self preserve source location [416.14ms]
(pass) US-011-AC18: ambiguity, unknown dialect and non-schema targets fail explicitly [197.57ms]

tests/openapi/extraction.test.ts:
(pass) US-011-AC15: extraction retains exact numbers, references and complete source context [93.09ms]
(pass) US-011-AC16: dialect provenance and contextual extraction boundaries [115.60ms]

tests/openapi/references.test.ts:
(pass) US-011-AC12: typed reference chains retain source siblings and target origin [191.66ms]
(pass) US-011-AC13: target mismatches, cycles and unsupported scope never masquerade as resolved references [337.37ms]
(pass) US-011-AC14: each supported Reference Object target role validates its own shape [357.90ms]

tests/openapi/projection.test.ts:
(pass) US-012-AC1: static schema projection retains recursive validation, annotations and source [246.31ms]
(pass) US-012-AC2: strict losses and unsupported semantics block projection [315.30ms]
(pass) US-012-AC3: all six pinned Tic Tac Toe schema components project [1885.48ms]
(pass) US-012-AC2: unavailable target compilation blocks a support claim [76.00ms]

tests/openapi/dynamic.test.ts:
(pass) US-011-AC19: dynamic anchors choose outermost resource; ordinary targets remain static [851.90ms]
(pass) US-011-AC20: missing, invalid and mismatched evaluation contexts are rejected [393.19ms]

tests/openapi/corpus.test.ts:
(pass) US-011-AC6: all pinned official examples retain content; fragments stay distinct from full descriptions [2905.13ms]
(pass) US-011-AC7: legacy object validation catches version-specific shape errors without changing native semantics [97.49ms]

tests/openapi/bundle.test.ts:
(pass) US-011-AC8: external resources retain URI identity, source formats and edits in complete bundles [438.61ms]
(pass) US-011-AC9: URI collisions, missing resources and unsupported anchor scopes fail explicitly [112.54ms]

tests/projections/ddd-graphql.test.ts:
(pass) @covers US-049-AC1 @covers US-049-AC2 @covers US-049-AC3 @covers US-049-AC6: complete selected entity and relationship schemas validate [1613.46ms]
(pass) @covers US-049-AC4 @covers US-049-AC5 @covers US-049-AC9: strict emits no partial SDL and all obligations remain source-linked [1198.62ms]
(pass) @covers US-049-AC7 @covers US-049-AC8 @covers US-049-AC10: fresh native imports and JSON/YAML receipts recover exact authored source [8135.53ms]
(pass) @covers US-049-AC7 @covers US-049-AC10: forged, stale, incomplete and getter-bearing reports refuse [800.42ms]
(pass) @covers US-049-AC4 @covers US-049-AC5: missing roots, collisions, ambiguous endpoints and uninterpreted semantics block [926.21ms]
(pass) @covers US-049-AC10: projection recovery composes with collision-preserving migration and rollback [297.16ms]
(pass) @covers US-049-AC1 @covers US-049-AC6: generated shared authored graph matches independent expected SDL [156.58ms]
(pass) @covers US-049-AC4 @covers US-049-AC7: complete result schema rejects partial targets and missing policy/source contracts [311.29ms]
(pass) @covers US-049-AC4: explicit names reject trailing line terminators instead of parser normalization [82.04ms]

tests/projections/ddd-graphql-entities.test.ts:
(pass) @covers US-049-AC3 @covers US-049-AC5 @covers US-049-AC6: entity SDL, scalar wrappers and schema-mode import [156.95ms]
(pass) @covers US-049-AC5 @covers US-049-AC9: residuals retain root, identity, cardinality and scalar limits [63.72ms]
(pass) @covers US-049-AC4: malformed names, unknown relationships and collisions block atomically [48.53ms]
(pass) @covers US-049-AC5: a DDD concept field never becomes a relationship [65.88ms]
(pass) @covers US-049-AC9: opaque DDD invariant is retained without execution [67.91ms]

tests/projections/json-schema-protobuf.test.ts:
(pass) US-004-AC1: explicit mapping reports every unsupported constraint and retains exact source [3181.07ms]
(pass) US-004-AC2: strict policy, missing/conflicting bindings and ambiguous shapes block explicitly [118.42ms]
(pass) US-004-AC3: nested referenced objects compile without merging native identity [285.75ms]
(pass) US-004-AC4: independent target compiler/runtime demonstrates reported source-to-target mismatches [255.30ms]
(pass) US-004-AC2: unknown dialect and nested resource scope cannot be guessed away [24.82ms]

tests/projections/ddd-postgresql-tables.test.ts:
(pass) @covers US-048-AC1 @covers US-048-AC3 @covers US-048-AC5: order graph tables, JSONB and LIST partition pass the adapter [316.55ms]
(pass) @covers US-048-AC3 @covers US-048-AC4: stale and unknown bindings block; unqualified type cannot inject SQL [134.63ms]
(pass) @covers US-048-AC3: stale table policy entries block before DDL emission [130.59ms]
(pass) @covers US-048-AC3 @covers US-048-AC4: partition and embedded path losses are named [66.21ms]

tests/projections/postgresql-relationship-layout.test.ts:
(pass) @covers US-048-AC3 @covers US-048-AC4 @covers US-048-AC8: exact endpoint policy matrix validates atomically and retains every source [2162.15ms]
(pass) policy result copies retained sources and candidate; NULL composite is explicitly residualized [830.52ms]
(pass) reordered composite endpoint and extra maps refuse, including duplicated aliases [795.11ms]
(pass) public validator does not invoke hostile getters [21.99ms]
(pass) anonymous carrier cannot collide with backing Key or declared index relations [816.87ms]
(pass) unknown qualifier residual carries the exact pointed value and retains full source separately [50.59ms]
(pass) canonical identifiers and SQL types reject terminal line separators [412.95ms]
(pass) published policy and complete result schemas reject partial success and candidate leakage [107.59ms]
(pass) shared edge cannot switch unconditional FK endpoint identity with its discriminator [901.34ms]

tests/projections/ddd-json-schema.test.ts:
(pass) US-006-AC1: explicit document binding emits useful nested schema with separate source recovery [166.62ms]
(pass) US-006-AC2: independent JSON Schema validation enforces shape but not domain consistency [110.85ms]
(pass) US-006-AC3: missing, unused, invalid identity, strict and non-data bindings block explicitly [268.04ms]
(pass) US-006-AC4: changing only embedding policy changes document representation, not domain intent [90.76ms]

tests/projections/ddd-authored-graph-fixture.test.ts:
(pass) FEAT-006: staged DDL and SDL fixtures share the same authored DDD graph [0.73ms]

tests/projections/ddd-postgresql-tables-indexes.test.ts:
(pass) @covers US-048-AC1 @covers US-048-AC3 @covers US-047-AC3: qualified DDD tables carry only native-valid bound indexes [432.69ms]
(pass) @covers US-048-AC3 @covers US-047-AC9: unknown binding and invalid index evidence never produce DDL [40.06ms]

tests/projections/ddd-postgresql.test.ts:
(pass) whole PostgreSQL keyed-association-and-fk [787.21ms]
(pass) whole PostgreSQL renamed-relationship [669.96ms]
(pass) whole PostgreSQL alternate-unique-target [702.56ms]
(pass) whole PostgreSQL nullable-composite [728.27ms]
(pass) whole PostgreSQL anonymous-junction [666.30ms]
(pass) whole PostgreSQL edge [771.13ms]
(pass) whole PostgreSQL name-for-id [109.47ms]
(pass) whole PostgreSQL name-for-key [112.23ms]
(pass) whole PostgreSQL missing-layout [102.00ms]
(pass) whole PostgreSQL extra-layout [98.29ms]
(pass) whole PostgreSQL missing-key-component [0.37ms]
(pass) whole PostgreSQL extra-endpoint-component [96.60ms]
(pass) whole PostgreSQL wrong-endpoint-field [98.44ms]
(pass) whole PostgreSQL heterogeneous-fk [98.90ms]
(pass) whole PostgreSQL association-attribute-loss [91.80ms]
(pass) whole PostgreSQL association-identity-loss [105.87ms]
(pass) whole PostgreSQL duplicate-constraint [94.13ms]
(pass) whole PostgreSQL duplicate-key-index [85.80ms]
(pass) whole PostgreSQL stale-binding [42.83ms]
(pass) whole PostgreSQL unsafe-type [82.18ms]
(pass) whole PostgreSQL unsafe-identifier [80.02ms]
(pass) whole PostgreSQL wrong-carrier [80.88ms]
(pass) whole PostgreSQL nullability-mismatch [79.13ms]
(pass) whole PostgreSQL type-mismatch [86.23ms]
(pass) whole PostgreSQL collation-mismatch [84.61ms]
(pass) whole PostgreSQL missing-source-key [78.50ms]
(pass) whole PostgreSQL unknown-binding [45.82ms]
(pass) whole PostgreSQL partitioned-key [80.12ms]
(pass) whole PostgreSQL shared-edge [568.46ms]
(pass) whole PostgreSQL inline-residual [564.82ms]
(pass) whole PostgreSQL partition-eligible [594.94ms]
(pass) whole PostgreSQL partition-two-schemas [583.67ms]
(pass) whole PostgreSQL cyclic-fks [547.71ms]
(pass) whole PostgreSQL text-key [703.74ms]
(pass) whole PostgreSQL unsafe-predicate [85.64ms]
(pass) whole PostgreSQL association-edge-refused [81.55ms]
(pass) whole PostgreSQL partition-collision-key [98.07ms]
(pass) whole PostgreSQL partition-collision-index [83.40ms]
(pass) whole PostgreSQL partition-collision-carrier [84.96ms]
(pass) shared expected SQL and complete native/ideal directed recovery [2416.98ms]
(pass) binding version migration rollback retains whole projection sources and native archive [1593.59ms]

tests/projections/ddd-graphql-core-fields.test.ts:
(pass) @covers US-049-AC3 @covers US-049-AC5 @covers US-049-AC6: core Field availability controls SDL wrappers [141.47ms]
(pass) @covers US-049-AC3 @covers US-049-AC4: absent item availability remains a nullable item and a residual [50.31ms]
(pass) @covers US-049-AC3: an unspecified core availability cannot borrow DDD one as SDL non-null [49.62ms]
(pass) @covers US-049-AC4: missing, conflicting and duplicate core pairings block before SDL [56.80ms]
(pass) @covers US-049-AC3: the DDD-only profile cannot silently ignore a core pairing [7.69ms]

tests/graphql/native.test.ts:
(pass) US-009-AC1: complete SDL declarations, extensions and original layout round-trip [246.90ms]
(pass) US-009-AC2: editable AST stays isolated; current source replaces stale defaults with explicit layout loss [188.72ms]
(pass) US-009-AC3: invalid native schemas and destructive AST edits fail [170.90ms]
(pass) US-009-AC4: exact custom-scalar literals remain AST strings and block unsupported edits [82.59ms]

tests/graphql/projection.test.ts:
(pass) US-010-AC1: input nullability, defaults, recursive lists and OneOf remain explicit [128.62ms]
(pass) US-010-AC2: fragments, output types, unbound scalars and strict policies block [247.13ms]
(pass) US-010-AC5: pinned GitHub mutation input examples project without treating outputs as inputs [1068.09ms]

tests/graphql/corpus.test.ts:
(pass) US-009-AC7: pinned upstream full schema survives JSON/YAML and all declarations [2459.54ms]
(pass) US-009-AC8: upstream grammar positives, negatives and incomplete schemas stay distinguished [2830.34ms]

tests/protobuf/behavior.test.ts:
(pass) US-003-AC6: independent native runtime behavior survives and detects semantic mutations [275.23ms]

tests/protobuf/emission.test.ts:
(pass) US-003-AC8: native source emission recompiles without semantic loss and reflects edits [792.54ms]
(pass) US-003-AC8: source emission refuses unknown semantics with no source representation [535.42ms]
(pass) US-003-AC8: standard corpus emission reports each native root and unsupported Editions [3183.99ms]

tests/protobuf/source.test.ts:
(pass) US-003-AC7: native source bundle compiles into editable descriptors with source archive [561.53ms]

tests/protobuf/descriptor.test.ts:
(pass) US-003-AC1: descriptor presence, source metadata, options and exact defaults survive JSON/YAML [434.37ms]
(pass) US-003-AC2: typed candidate edit changes independent native compiler output [365.95ms]
(pass) US-003-AC3: invalid values and unknown representation fields fail without source mutation [161.69ms]
(pass) US-003-AC1: unknown descriptor wire fields survive and explicit defaults retain presence [0.08ms]
(pass) US-003-AC4: independent compiler decodes identical descriptors across authored and standard corpus [392.45ms]

tests/json-schema/native.test.ts:
(pass) US-002-AC1: full native schema survives editable UMF tree and YAML serialization [42.53ms]
(pass) US-002-AC1: exact numbers and unknown native metadata survive without false semantic validation [11.72ms]
(pass) US-002-AC2: supplied retrieval URI and reference bundle remain separate and usable [39.98ms]
(pass) US-002-AC3: only actual applicator locations are exposed as schemas [6.45ms]
(pass) US-002-AC4: dialect uncertainty, invalid schemas and duplicate keys are distinct [25.02ms]
(pass) US-002-AC4: unknown representation content cannot silently disappear into native output [8.31ms]
(pass) US-002-AC4: invalid edits and number injection cannot corrupt source [18.29ms]
(pass) full export bundle retains unrelated UMF semantics and reports target-only limits [13.74ms]

tests/json-schema/upstream.test.ts:
(pass) upstream 2020-12: additionalProperties.json [261.12ms]
(pass) upstream 2020-12: allOf.json [343.35ms]
(pass) upstream 2020-12: anchor.json [123.18ms]
(pass) upstream 2020-12: anyOf.json [241.01ms]
(pass) upstream 2020-12: boolean_schema.json [21.26ms]
(pass) upstream 2020-12: const.json [466.08ms]
(pass) upstream 2020-12: contains.json [228.90ms]
(pass) upstream 2020-12: content.json [137.10ms]
(pass) upstream 2020-12: default.json [100.42ms]
(pass) upstream 2020-12: defs.json [34.56ms]
(pass) upstream 2020-12: dependentRequired.json [113.72ms]
(pass) upstream 2020-12: dependentSchemas.json [139.97ms]
(pass) upstream 2020-12: dynamicRef.json [672.38ms]
(pass) upstream 2020-12: enum.json [452.73ms]
(pass) upstream 2020-12: exclusiveMaximum.json [35.70ms]
(pass) upstream 2020-12: exclusiveMinimum.json [33.87ms]
(pass) upstream 2020-12: format.json [542.20ms]
(pass) upstream 2020-12: if-then-else.json [346.25ms]
(pass) upstream 2020-12: infinite-loop-detection.json [42.24ms]
(pass) upstream 2020-12: items.json [379.81ms]
(pass) upstream 2020-12: maxContains.json [161.84ms]
(pass) upstream 2020-12: maxItems.json [70.42ms]
(pass) upstream 2020-12: maxLength.json [62.41ms]
(pass) upstream 2020-12: maxProperties.json [82.64ms]
(pass) upstream 2020-12: maximum.json [53.94ms]
(pass) upstream 2020-12: minContains.json [288.17ms]
(pass) upstream 2020-12: minItems.json [63.82ms]
(pass) upstream 2020-12: minLength.json [74.53ms]
(pass) upstream 2020-12: minProperties.json [69.74ms]
(pass) upstream 2020-12: minimum.json [62.04ms]
(pass) upstream 2020-12: multipleOf.json [160.08ms]
(pass) upstream 2020-12: not.json [262.69ms]
(pass) upstream 2020-12: oneOf.json [325.21ms]
(pass) upstream 2020-12: pattern.json [99.11ms]
(pass) upstream 2020-12: patternProperties.json [172.92ms]
(pass) upstream 2020-12: prefixItems.json [115.48ms]
(pass) upstream 2020-12: properties.json [180.09ms]
(pass) upstream 2020-12: propertyNames.json [173.48ms]
(pass) upstream 2020-12: ref.json [2446.85ms]
(pass) upstream 2020-12: refRemote.json [459.99ms]
(pass) upstream 2020-12: required.json [159.03ms]
(pass) upstream 2020-12: type.json [321.13ms]
(pass) upstream 2020-12: unevaluatedItems.json [871.36ms]
(pass) upstream 2020-12: unevaluatedProperties.json [1335.01ms]
(pass) upstream 2020-12: uniqueItems.json [196.06ms]
(pass) upstream 2020-12: vocabulary.json [35.39ms]

 400 pass
 0 fail
 6446 expect() calls
Ran 400 tests across 42 files. [95.42s]
