{"preflight": 141, "command": ["bun", "scripts/relationship/avro-parquet-oracle.ts"]}
{"preflight": 142, "command": ["bun", "scripts/relationship/avro-parquet-browser.ts"]}
{"preflight": 143, "command": ["bun", "scripts/relationship/postgresql-target-oracle.ts"]}
{"preflight": 144, "command": ["bun", "scripts/relationship/postgresql-target-browser.ts"]}
{"preflight": 145, "command": ["bun", "scripts/relationship/postgresql-partitioned-key-oracle.ts"]}
{"preflight": 146, "command": ["bun", "scripts/relationship/graphql-target-oracle.ts"]}
{"preflight": 147, "command": ["bun", "scripts/relationship/graphql-target-browser.ts"]}
{"preflight": 148, "command": ["bun", "scripts/binding/postgresql-indexes-oracle.ts"]}
{"preflight": 149, "command": ["bun", "scripts/binding/postgresql-indexes-browser.ts"]}
{"preflight": 150, "command": ["bun", "scripts/binding/sqlserver-indexes-oracle.ts"]}
{"preflight": 151, "command": ["bun", "scripts/binding/sqlserver-indexes-browser.ts"]}
{"preflight": 152, "command": ["bun", "scripts/binding/sqlserver-tables-oracle.ts"]}
{"preflight": 153, "command": ["bun", "scripts/binding/sqlserver-tables-browser.ts"]}
{"preflight": 154, "command": ["bun", "scripts/binding/sqlserver-tables-indexes-oracle.ts"]}
{"preflight": 155, "command": ["bun", "scripts/binding/sqlserver-tables-indexes-browser.ts"]}
{"preflight": 156, "command": ["bun", "scripts/binding/delta-oracle.ts"]}
{"preflight": 157, "command": ["bun", "scripts/binding/delta-browser.ts"]}
{"preflight": 158, "command": ["bun", "scripts/binding/iceberg-oracle.ts"]}
{"preflight": 159, "command": ["bun", "scripts/binding/iceberg-browser.ts"]}
{"preflight": 160, "command": ["bun", "scripts/binding/parquet-oracle.ts"]}
{"preflight": 161, "command": ["bun", "scripts/binding/parquet-browser.ts"]}
{"preflight": 162, "command": ["bun", "scripts/binding/multi-target-delta-oracle.ts"]}
{"preflight": 163, "command": ["bun", "scripts/binding/multi-target-delta-browser.ts"]}
{"preflight": 164, "command": ["bun", "scripts/projections/ddd-postgresql-tables-oracle.ts"]}
{"preflight": 165, "command": ["bun", "scripts/projections/ddd-postgresql-tables-browser.ts"]}
{"preflight": 166, "command": ["bun", "scripts/projections/ddd-postgresql-tables-indexes-oracle.ts"]}
{"preflight": 167, "command": ["bun", "scripts/projections/ddd-postgresql-tables-indexes-browser.ts"]}
{"preflight": 168, "command": ["bun", "scripts/projections/ddd-graphql-oracle.ts"]}
{"preflight": 169, "command": ["bun", "scripts/projections/ddd-graphql-browser.ts"]}
{"preflight": 170, "command": ["bun", "scripts/projections/ddd-postgresql-oracle.ts"]}
{"preflight": 171, "command": ["bun", "scripts/projections/ddd-postgresql-browser.ts"]}
{"preflight": 172, "command": ["bun", "scripts/binding/sqlserver-oracle.ts"]}
{"preflight": 173, "command": ["bun", "scripts/binding/sqlserver-browser.ts"]}
{"preflight": 174, "command": ["bun", "scripts/core-ideals/relationship-conformance-browser.ts"]}
{"remainingChecks": 34, "allPassed": true}
