TLC2 Version 2.19 of 08 August 2024 (rev: 5a47802)
Warning: Please run the Java VM which executes TLC with a throughput optimized garbage collector by passing the "-XX:+UseParallelGC" property.
(Use the -nowarning option to disable this warning.)
Running breadth-first search Model-Checking with fp 115 and seed 248636723609010804 with 1 worker on 16 cores with 1024MB heap and 64MB offheap memory [pid: 1] (Linux 7.0.14-orbstack-00380-ga7e0a2dc9535 aarch64, Ubuntu 21.0.12.1 x86_64, MSBDiskFPSet, DiskStateQueue).
Parsing file /work/Commands.tla
Parsing file /tmp/Naturals.tla
Parsing file /tmp/Integers.tla
Parsing file /tmp/FiniteSets.tla
Parsing file /tmp/TLC.tla
Parsing file /tmp/Sequences.tla
Semantic processing of module Naturals
Semantic processing of module Integers
Semantic processing of module Sequences
Semantic processing of module FiniteSets
Semantic processing of module TLC
Semantic processing of module Commands
Starting... (2026-10-09 18:44:48)
Computing initial states...
Finished computing initial states: 1 distinct state generated at 2026-10-09 18:44:49.
Model checking completed. No error has been found.
  Estimates of the probability that TLC did not check all reachable states
  because two distinct states had the same fingerprint:
  calculated (optimistic):  val = 2.8E-11
48396 states generated, 16164 distinct states found, 0 states left on queue.
The depth of the complete state graph search is 23.
The average outdegree of the complete state graph is 1 (minimum is 0, the maximum 8 and the 95th percentile is 4).
Finished in 00s at (2026-10-09 18:44:49)
