   Compiling proc-macro2 v1.0.107
   Compiling quote v1.0.47
   Compiling unicode-ident v1.0.26
   Compiling cfg-if v1.0.5
   Compiling libc v0.2.190
   Compiling version_check v0.9.5
   Compiling serde_core v1.0.228
   Compiling autocfg v1.5.1
   Compiling zerocopy v0.8.59
   Compiling memchr v2.8.3
   Compiling ref-cast v1.0.27
   Compiling equivalent v1.0.2
   Compiling allocator-api2 v0.2.21
   Compiling foldhash v0.2.0
   Compiling once_cell v1.21.4
   Compiling serde v1.0.228
   Compiling itoa v1.0.18
   Compiling ryu v1.0.23
   Compiling regex-syntax v0.8.11
   Compiling parking_lot_core v0.9.12
   Compiling smallvec v1.16.2
   Compiling borrow-or-share v0.2.4
   Compiling scopeguard v1.2.0
   Compiling ahash v0.8.12 (/private/var/folders/z0/kv_wlyps77b_txh08w55z99w0000gn/T/association-owner-build-t3yo7iak/weft/vendor/ahash)
   Compiling num-traits v0.2.19
   Compiling hashbrown v0.17.1
   Compiling aho-corasick v1.1.5
   Compiling lock_api v0.4.14
   Compiling generic-array v0.14.7
   Compiling getrandom v0.3.4
   Compiling winnow v1.0.4
   Compiling serde_json v1.0.145
   Compiling bit-vec v0.8.0
   Compiling typenum v1.20.1
   Compiling percent-encoding v2.3.2
   Compiling toml_datetime v1.1.1+spec-1.1.0
   Compiling indexmap v2.14.2
   Compiling micromap v0.3.0
   Compiling bit-set v0.8.0
   Compiling zmij v1.0.23
   Compiling heck v0.5.0
   Compiling unicode-general-category v1.1.0
   Compiling num-cmp v0.1.0
   Compiling outref v0.5.2
   Compiling regex-automata v0.4.18
   Compiling jsonschema-regex v0.56.0
   Compiling bytecount v0.6.9
   Compiling vsimd v0.8.0
   Compiling toml_parser v1.1.3+spec-1.1.0
   Compiling num-integer v0.1.47
   Compiling syn v2.0.119
   Compiling syn v3.0.6
   Compiling num-complex v0.4.6
   Compiling num-bigint v0.4.8
   Compiling num-iter v0.1.46
   Compiling block-buffer v0.10.4
   Compiling crypto-common v0.1.7
   Compiling parking_lot v0.12.5
   Compiling toml_edit v0.25.15+spec-1.1.0
   Compiling rand_core v0.9.5
   Compiling digest v0.10.7
   Compiling uuid-simd v0.8.0
   Compiling cpufeatures v0.2.17
   Compiling data-encoding v2.11.1
   Compiling ppv-lite86 v0.2.21
warning: unexpected `cfg` condition value: `128`
   --> vendor/ahash/src/fallback_hash.rs:164:11
    |
164 |     #[cfg(target_pointer_width = "128")]
    |           ^^^^^^^^^^^^^^^^^^^^^^^^^^^^
    |
    = note: expected values for `target_pointer_width` are: `16`, `32`, and `64`
    = note: see <https://doc.rust-lang.org/nightly/rustc/check-cfg/cargo-specifics.html> for more information about checking conditional configuration
    = note: `#[warn(unexpected_cfgs)]` on by default

warning: unexpected `cfg` condition name: `fuzzing`
  --> vendor/ahash/src/random_state.rs:48:58
   |
48 |     if #[cfg(all(feature = "compile-time-rng", any(test, fuzzing)))] {
   |                                                          ^^^^^^^
   |
   = help: expected names are: `docsrs`, `feature`, `folded_multiply`, `specialize`, and `test` and 31 more
   = help: consider using a Cargo feature instead
   = help: or consider adding in `Cargo.toml` the `check-cfg` lint config for the lint:
            [lints.rust]
            unexpected_cfgs = { level = "warn", check-cfg = ['cfg(fuzzing)'] }
   = help: or consider adding `println!("cargo::rustc-check-cfg=cfg(fuzzing)");` to the top of the `build.rs`
   = note: see <https://doc.rust-lang.org/nightly/rustc/check-cfg/cargo-specifics.html> for more information about checking conditional configuration

warning: unexpected `cfg` condition name: `fuzzing`
  --> vendor/ahash/src/random_state.rs:68:54
   |
68 |     } else if #[cfg(all(feature = "runtime-rng", not(fuzzing)))] {
   |                                                      ^^^^^^^
   |
   = help: consider using a Cargo feature instead
   = help: or consider adding in `Cargo.toml` the `check-cfg` lint config for the lint:
            [lints.rust]
            unexpected_cfgs = { level = "warn", check-cfg = ['cfg(fuzzing)'] }
   = help: or consider adding `println!("cargo::rustc-check-cfg=cfg(fuzzing)");` to the top of the `build.rs`
   = note: see <https://doc.rust-lang.org/nightly/rustc/check-cfg/cargo-specifics.html> for more information about checking conditional configuration

   Compiling sha2 v0.10.9
   Compiling rand_xorshift v0.4.0
warning: methods `read_u128x2`, `read_u128x4`, `read_last_u16`, `read_last_u128x2`, and `read_last_u128x4` are never used
  --> vendor/ahash/src/convert.rs:69:8
   |
64 | pub(crate) trait ReadFromSlice {
   |                  ------------- methods in this trait
...
69 |     fn read_u128x2(&self) -> ([u128; 2], &[u8]);
   |        ^^^^^^^^^^^
70 |     fn read_u128x4(&self) -> ([u128; 4], &[u8]);
   |        ^^^^^^^^^^^
71 |     fn read_last_u16(&self) -> u16;
   |        ^^^^^^^^^^^^^
...
75 |     fn read_last_u128x2(&self) -> [u128; 2];
   |        ^^^^^^^^^^^^^^^^
76 |     fn read_last_u128x4(&self) -> [u128; 4];
   |        ^^^^^^^^^^^^^^^^
   |
   = note: `#[warn(dead_code)]` on by default

   Compiling rand v0.9.5
   Compiling bitflags v2.13.2
   Compiling unarray v0.1.4
   Compiling rand_chacha v0.9.0
   Compiling proc-macro-crate v3.5.0
   Compiling num-rational v0.4.2
warning: `ahash` (lib) generated 4 warnings
   Compiling num v0.4.3
   Compiling fraction v0.17.0
   Compiling proptest v1.11.0
   Compiling fancy-regex v0.19.2
   Compiling regex v1.13.1
   Compiling ref-cast-impl v1.0.27
   Compiling serde_derive v1.0.228
   Compiling strum_macros v0.28.0
   Compiling fluent-uri v0.4.1
   Compiling referencing v0.56.0
   Compiling strum v0.28.0
   Compiling email_address v0.2.9
   Compiling jsonschema-macros-core v0.56.0
   Compiling jsonschema-value v0.56.0
warning: `ahash` (lib) generated 4 warnings (4 duplicates)
   Compiling jsonschema-macros v0.56.0
   Compiling jsonschema v0.56.0
   Compiling weft-core v0.1.0 (/private/var/folders/z0/kv_wlyps77b_txh08w55z99w0000gn/T/association-owner-build-t3yo7iak/weft/crates/weft-core)
warning: unused import: `Identity`
 --> crates/weft-core/src/application_scope.rs:8:18
  |
8 |     ir::{Family, Identity, LogicalType},
  |                  ^^^^^^^^
  |
  = note: `#[warn(unused_imports)]` on by default

warning: unused imports: `Column`, `Descriptor`, `LiteralKind`, `Literal`, `Name`, `Record`, `Shape`, and `exact`
 --> crates/weft-core/src/application_resolve.rs:3:25
  |
3 |     application_model::{Descriptor, Shape},
  |                         ^^^^^^^^^^  ^^^^^
...
6 |     exact,
  |     ^^^^^
7 |     ir::{Family, Identity, LogicalType},
8 |     model::{Catalog, Record},
  |                      ^^^^^^
9 |     syntax::{Column, Literal, LiteralKind, Name},
  |              ^^^^^^  ^^^^^^^  ^^^^^^^^^^^  ^^^^

warning: struct `PlanSchema03` is never constructed
   --> crates/weft-core/src/arithmetic_application_resolve.rs:828:8
    |
828 | struct PlanSchema03;
    |        ^^^^^^^^^^^^
    |
    = note: `#[warn(dead_code)]` on by default

warning: method `finish` is never used
   --> crates/weft-core/src/syntax.rs:245:19
    |
208 | impl Parser {
    | ----------- method in this implementation
...
245 |     pub(crate) fn finish(&mut self) -> Result<()> {
    |                   ^^^^^^

warning: methods `terminal_record` and `terminal_key` are never used
   --> crates/weft-core/src/path_ir.rs:117:12
    |
 52 | impl PathRead {
    | ------------- methods in this implementation
...
117 |     pub fn terminal_record(&self) -> &Identity {
    |            ^^^^^^^^^^^^^^^
...
120 |     pub fn terminal_key(&self) -> &AuthoredKey {
    |            ^^^^^^^^^^^^

warning: associated function `new` is never used
   --> crates/weft-core/src/path_ir.rs:238:12
    |
237 | impl Plan {
    | --------- associated function in this implementation
238 |     pub fn new(p: PlanParts) -> Result<Self> {
    |            ^^^

warning: field `span` is never read
  --> crates/weft-core/src/path_query.rs:23:9
   |
21 |     CountDistinctPathTargets {
   |     ------------------------ field in this variant
22 |         alias: Name,
23 |         span: Span,
   |         ^^^^
   |
   = note: `Output` has derived impls for the traits `Clone` and `Debug`, but these are intentionally ignored during dead code analysis

warning: field `field` is never read
 --> crates/weft-core/src/security_rule_occurrences.rs:8:103
  |
8 | pub(crate) enum RulePayload<'a>{Rule(&'a Rule),Condition(&'a Expression),Operand(&'a Term),Disclosure{field:&'a SecurityRef,disposition:&...
  |                                                                                            ---------- ^^^^^
  |                                                                                            |
  |                                                                                            field in this variant
  |
  = note: `RulePayload` has a derived impl for the trait `Debug`, but this is intentionally ignored during dead code analysis

warning: `weft-core` (lib) generated 8 warnings (run `cargo fix --lib -p weft-core` to apply 2 suggestions)
    Finished `dev` profile [unoptimized + debuginfo] target(s) in 31.26s
