LOG:  parse tree:
DETAIL:     {QUERY 
   :commandType 6 
   :querySource 0 
   :canSetTag true 
   :utilityStmt 
      {EXECUTESTMT 
      :name guarded_rows 
      :params <>
      }
   :resultRelation 0 
   :hasAggs false 
   :hasWindowFuncs false 
   :hasTargetSRFs false 
   :hasSubLinks false 
   :hasDistinctOn false 
   :hasRecursive false 
   :hasModifyingCTE false 
   :hasForUpdate false 
   :hasRowSecurity false 
   :isReturn false 
   :cteList <> 
   :rtable <> 
   :rteperminfos <> 
   :jointree <> 
   :mergeActionList <> 
   :mergeTargetRelation 0 
   :mergeJoinCondition <> 
   :targetList <> 
   :override 0 
   :onConflict <> 
   :returningList <> 
   :groupClause <> 
   :groupDistinct false 
   :groupingSets <> 
   :havingQual <> 
   :windowClause <> 
   :distinctClause <> 
   :sortClause <> 
   :limitOffset <> 
   :limitCount <> 
   :limitOption 0 
   :rowMarks <> 
   :setOperations <> 
   :constraintDeps <> 
   :withCheckOptions <> 
   :stmt_location 0 
   :stmt_len 20
   }

LOG:  rewritten parse tree:
DETAIL:  (
   {QUERY 
   :commandType 6 
   :querySource 0 
   :canSetTag true 
   :utilityStmt 
      {EXECUTESTMT 
      :name guarded_rows 
      :params <>
      }
   :resultRelation 0 
   :hasAggs false 
   :hasWindowFuncs false 
   :hasTargetSRFs false 
   :hasSubLinks false 
   :hasDistinctOn false 
   :hasRecursive false 
   :hasModifyingCTE false 
   :hasForUpdate false 
   :hasRowSecurity false 
   :isReturn false 
   :cteList <> 
   :rtable <> 
   :rteperminfos <> 
   :jointree <> 
   :mergeActionList <> 
   :mergeTargetRelation 0 
   :mergeJoinCondition <> 
   :targetList <> 
   :override 0 
   :onConflict <> 
   :returningList <> 
   :groupClause <> 
   :groupDistinct false 
   :groupingSets <> 
   :havingQual <> 
   :windowClause <> 
   :distinctClause <> 
   :sortClause <> 
   :limitOffset <> 
   :limitCount <> 
   :limitOption 0 
   :rowMarks <> 
   :setOperations <> 
   :constraintDeps <> 
   :withCheckOptions <> 
   :stmt_location 0 
   :stmt_len 20
   }
)

LOG:  parse tree:
DETAIL:     {QUERY 
   :commandType 1 
   :querySource 0 
   :canSetTag true 
   :utilityStmt <> 
   :resultRelation 0 
   :hasAggs false 
   :hasWindowFuncs false 
   :hasTargetSRFs false 
   :hasSubLinks false 
   :hasDistinctOn false 
   :hasRecursive false 
   :hasModifyingCTE false 
   :hasForUpdate false 
   :hasRowSecurity false 
   :isReturn false 
   :cteList <> 
   :rtable <> 
   :rteperminfos <> 
   :jointree 
      {FROMEXPR 
      :fromlist <> 
      :quals <>
      }
   :mergeActionList <> 
   :mergeTargetRelation 0 
   :mergeJoinCondition <> 
   :targetList (
      {TARGETENTRY 
      :expr 
         {FUNCEXPR 
         :funcid 3200 
         :funcresulttype 114 
         :funcretset false 
         :funcvariadic false 
         :funcformat 0 
         :funccollid 0 
         :inputcollid 950 
         :args (
            {CONST 
            :consttype 705 
            :consttypmod -1 
            :constcollid 0 
            :constlen -2 
            :constbyval false 
            :constisnull false 
            :location 49 
            :constvalue 5 [ 114 111 119 115 0 ]
            }
            {FUNCEXPR 
            :funcid 16495 
            :funcresulttype 114 
            :funcretset false 
            :funcvariadic false 
            :funcformat 0 
            :funccollid 0 
            :inputcollid 0 
            :args <> 
            :location 56
            }
            {CONST 
            :consttype 705 
            :consttypmod -1 
            :constcollid 0 
            :constlen -2 
            :constbyval false 
            :constisnull false 
            :location 99 
            :constvalue 4 [ 112 105 100 0 ]
            }
            {FUNCEXPR 
            :funcid 2026 
            :funcresulttype 23 
            :funcretset false 
            :funcvariadic false 
            :funcformat 0 
            :funccollid 0 
            :inputcollid 0 
            :args <> 
            :location 105
            }
            {CONST 
            :consttype 705 
            :consttypmod -1 
            :constcollid 0 
            :constlen -2 
            :constbyval false 
            :constisnull false 
            :location 122 
            :constvalue 5 [ 117 115 101 114 0 ]
            }
            {SQLVALUEFUNCTION 
            :op 12 
            :type 19 
            :typmod -1 
            :location 129
            }
         )
         :location 31
         }
      :resno 1 
      :resname json_build_object 
      :ressortgroupref 0 
      :resorigtbl 0 
      :resorigcol 0 
      :resjunk false
      }
   )
   :override 0 
   :onConflict <> 
   :returningList <> 
   :groupClause <> 
   :groupDistinct false 
   :groupingSets <> 
   :havingQual <> 
   :windowClause <> 
   :distinctClause <> 
   :sortClause <> 
   :limitOffset <> 
   :limitCount <> 
   :limitOption 0 
   :rowMarks <> 
   :setOperations <> 
   :constraintDeps <> 
   :withCheckOptions <> 
   :stmt_location 0 
   :stmt_len 142
   }

LOG:  rewritten parse tree:
DETAIL:  (
   {QUERY 
   :commandType 1 
   :querySource 0 
   :canSetTag true 
   :utilityStmt <> 
   :resultRelation 0 
   :hasAggs false 
   :hasWindowFuncs false 
   :hasTargetSRFs false 
   :hasSubLinks false 
   :hasDistinctOn false 
   :hasRecursive false 
   :hasModifyingCTE false 
   :hasForUpdate false 
   :hasRowSecurity false 
   :isReturn false 
   :cteList <> 
   :rtable <> 
   :rteperminfos <> 
   :jointree 
      {FROMEXPR 
      :fromlist <> 
      :quals <>
      }
   :mergeActionList <> 
   :mergeTargetRelation 0 
   :mergeJoinCondition <> 
   :targetList (
      {TARGETENTRY 
      :expr 
         {FUNCEXPR 
         :funcid 3200 
         :funcresulttype 114 
         :funcretset false 
         :funcvariadic false 
         :funcformat 0 
         :funccollid 0 
         :inputcollid 950 
         :args (
            {CONST 
            :consttype 705 
            :consttypmod -1 
            :constcollid 0 
            :constlen -2 
            :constbyval false 
            :constisnull false 
            :location 49 
            :constvalue 5 [ 114 111 119 115 0 ]
            }
            {FUNCEXPR 
            :funcid 16495 
            :funcresulttype 114 
            :funcretset false 
            :funcvariadic false 
            :funcformat 0 
            :funccollid 0 
            :inputcollid 0 
            :args <> 
            :location 56
            }
            {CONST 
            :consttype 705 
            :consttypmod -1 
            :constcollid 0 
            :constlen -2 
            :constbyval false 
            :constisnull false 
            :location 99 
            :constvalue 4 [ 112 105 100 0 ]
            }
            {FUNCEXPR 
            :funcid 2026 
            :funcresulttype 23 
            :funcretset false 
            :funcvariadic false 
            :funcformat 0 
            :funccollid 0 
            :inputcollid 0 
            :args <> 
            :location 105
            }
            {CONST 
            :consttype 705 
            :consttypmod -1 
            :constcollid 0 
            :constlen -2 
            :constbyval false 
            :constisnull false 
            :location 122 
            :constvalue 5 [ 117 115 101 114 0 ]
            }
            {SQLVALUEFUNCTION 
            :op 12 
            :type 19 
            :typmod -1 
            :location 129
            }
         )
         :location 31
         }
      :resno 1 
      :resname json_build_object 
      :ressortgroupref 0 
      :resorigtbl 0 
      :resorigcol 0 
      :resjunk false
      }
   )
   :override 0 
   :onConflict <> 
   :returningList <> 
   :groupClause <> 
   :groupDistinct false 
   :groupingSets <> 
   :havingQual <> 
   :windowClause <> 
   :distinctClause <> 
   :sortClause <> 
   :limitOffset <> 
   :limitCount <> 
   :limitOption 0 
   :rowMarks <> 
   :setOperations <> 
   :constraintDeps <> 
   :withCheckOptions <> 
   :stmt_location 0 
   :stmt_len 142
   }
)

LOG:  plan:
DETAIL:     {PLANNEDSTMT 
   :commandType 1 
   :queryId 0 
   :hasReturning false 
   :hasModifyingCTE false 
   :canSetTag true 
   :transientPlan false 
   :dependsOnRole false 
   :parallelModeNeeded false 
   :jitFlags 0 
   :planTree 
      {RESULT 
      :plan.startup_cost 0 
      :plan.total_cost 0.2675 
      :plan.plan_rows 1 
      :plan.plan_width 32 
      :plan.parallel_aware false 
      :plan.parallel_safe false 
      :plan.async_capable false 
      :plan.plan_node_id 0 
      :plan.targetlist (
         {TARGETENTRY 
         :expr 
            {FUNCEXPR 
            :funcid 3200 
            :funcresulttype 114 
            :funcretset false 
            :funcvariadic false 
            :funcformat 0 
            :funccollid 0 
            :inputcollid 950 
            :args (
               {CONST 
               :consttype 705 
               :consttypmod -1 
               :constcollid 0 
               :constlen -2 
               :constbyval false 
               :constisnull false 
               :location 49 
               :constvalue 5 [ 114 111 119 115 0 ]
               }
               {FUNCEXPR 
               :funcid 16495 
               :funcresulttype 114 
               :funcretset false 
               :funcvariadic false 
               :funcformat 0 
               :funccollid 0 
               :inputcollid 0 
               :args <> 
               :location 56
               }
               {CONST 
               :consttype 705 
               :consttypmod -1 
               :constcollid 0 
               :constlen -2 
               :constbyval false 
               :constisnull false 
               :location 99 
               :constvalue 4 [ 112 105 100 0 ]
               }
               {FUNCEXPR 
               :funcid 2026 
               :funcresulttype 23 
               :funcretset false 
               :funcvariadic false 
               :funcformat 0 
               :funccollid 0 
               :inputcollid 0 
               :args <> 
               :location 105
               }
               {CONST 
               :consttype 705 
               :consttypmod -1 
               :constcollid 0 
               :constlen -2 
               :constbyval false 
               :constisnull false 
               :location 122 
               :constvalue 5 [ 117 115 101 114 0 ]
               }
               {SQLVALUEFUNCTION 
               :op 12 
               :type 19 
               :typmod -1 
               :location 129
               }
            )
            :location 31
            }
         :resno 1 
         :resname json_build_object 
         :ressortgroupref 0 
         :resorigtbl 0 
         :resorigcol 0 
         :resjunk false
         }
      )
      :plan.qual <> 
      :plan.lefttree <> 
      :plan.righttree <> 
      :plan.initPlan <> 
      :plan.extParam (b)
      :plan.allParam (b)
      :resconstantqual <>
      }
   :rtable (
      {RANGETBLENTRY 
      :alias <> 
      :eref 
         {ALIAS 
         :aliasname *RESULT* 
         :colnames <>
         }
      :rtekind 8 
      :lateral false 
      :inFromCl false 
      :securityQuals <>
      }
   )
   :permInfos <> 
   :resultRelations <> 
   :appendRelations <> 
   :subplans <> 
   :rewindPlanIDs (b)
   :rowMarks <> 
   :relationOids <> 
   :invalItems (
      {PLANINVALITEM 
      :cacheId 45 
      :hashValue 1942290217
      }
   )
   :paramExecTypes <> 
   :utilityStmt <> 
   :stmt_location 0 
   :stmt_len 142
   }

LOG:  parse tree:
DETAIL:     {QUERY 
   :commandType 1 
   :querySource 0 
   :canSetTag true 
   :utilityStmt <> 
   :resultRelation 0 
   :hasAggs false 
   :hasWindowFuncs false 
   :hasTargetSRFs false 
   :hasSubLinks false 
   :hasDistinctOn false 
   :hasRecursive false 
   :hasModifyingCTE false 
   :hasForUpdate false 
   :hasRowSecurity false 
   :isReturn false 
   :cteList <> 
   :rtable <> 
   :rteperminfos <> 
   :jointree 
      {FROMEXPR 
      :fromlist <> 
      :quals <>
      }
   :mergeActionList <> 
   :mergeTargetRelation 0 
   :mergeJoinCondition <> 
   :targetList (
      {TARGETENTRY 
      :expr 
         {CONST 
         :consttype 25 
         :consttypmod -1 
         :constcollid 100 
         :constlen -1 
         :constbyval false 
         :constisnull false 
         :location 7 
         :constvalue 40 [ 160 0 0 0 69 78 68 95 102 57 55 99 57 50 57 57 98 97
          51 98 52 99 57 54 98 51 50 55 97 51 101 49 55 48 51 99 57 49 100 55 
         ]
         }
      :resno 1 
      :resname ?column? 
      :ressortgroupref 0 
      :resorigtbl 0 
      :resorigcol 0 
      :resjunk false
      }
   )
   :override 0 
   :onConflict <> 
   :returningList <> 
   :groupClause <> 
   :groupDistinct false 
   :groupingSets <> 
   :havingQual <> 
   :windowClause <> 
   :distinctClause <> 
   :sortClause <> 
   :limitOffset <> 
   :limitCount <> 
   :limitOption 0 
   :rowMarks <> 
   :setOperations <> 
   :constraintDeps <> 
   :withCheckOptions <> 
   :stmt_location 0 
   :stmt_len 45
   }

LOG:  rewritten parse tree:
DETAIL:  (
   {QUERY 
   :commandType 1 
   :querySource 0 
   :canSetTag true 
   :utilityStmt <> 
   :resultRelation 0 
   :hasAggs false 
   :hasWindowFuncs false 
   :hasTargetSRFs false 
   :hasSubLinks false 
   :hasDistinctOn false 
   :hasRecursive false 
   :hasModifyingCTE false 
   :hasForUpdate false 
   :hasRowSecurity false 
   :isReturn false 
   :cteList <> 
   :rtable <> 
   :rteperminfos <> 
   :jointree 
      {FROMEXPR 
      :fromlist <> 
      :quals <>
      }
   :mergeActionList <> 
   :mergeTargetRelation 0 
   :mergeJoinCondition <> 
   :targetList (
      {TARGETENTRY 
      :expr 
         {CONST 
         :consttype 25 
         :consttypmod -1 
         :constcollid 100 
         :constlen -1 
         :constbyval false 
         :constisnull false 
         :location 7 
         :constvalue 40 [ 160 0 0 0 69 78 68 95 102 57 55 99 57 50 57 57 98 97
          51 98 52 99 57 54 98 51 50 55 97 51 101 49 55 48 51 99 57 49 100 55 
         ]
         }
      :resno 1 
      :resname ?column? 
      :ressortgroupref 0 
      :resorigtbl 0 
      :resorigcol 0 
      :resjunk false
      }
   )
   :override 0 
   :onConflict <> 
   :returningList <> 
   :groupClause <> 
   :groupDistinct false 
   :groupingSets <> 
   :havingQual <> 
   :windowClause <> 
   :distinctClause <> 
   :sortClause <> 
   :limitOffset <> 
   :limitCount <> 
   :limitOption 0 
   :rowMarks <> 
   :setOperations <> 
   :constraintDeps <> 
   :withCheckOptions <> 
   :stmt_location 0 
   :stmt_len 45
   }
)

LOG:  plan:
DETAIL:     {PLANNEDSTMT 
   :commandType 1 
   :queryId 0 
   :hasReturning false 
   :hasModifyingCTE false 
   :canSetTag true 
   :transientPlan false 
   :dependsOnRole false 
   :parallelModeNeeded false 
   :jitFlags 0 
   :planTree 
      {RESULT 
      :plan.startup_cost 0 
      :plan.total_cost 0.01 
      :plan.plan_rows 1 
      :plan.plan_width 32 
      :plan.parallel_aware false 
      :plan.parallel_safe false 
      :plan.async_capable false 
      :plan.plan_node_id 0 
      :plan.targetlist (
         {TARGETENTRY 
         :expr 
            {CONST 
            :consttype 25 
            :consttypmod -1 
            :constcollid 100 
            :constlen -1 
            :constbyval false 
            :constisnull false 
            :location 7 
            :constvalue 40 [ 160 0 0 0 69 78 68 95 102 57 55 99 57 50 57 57 98
             97 51 98 52 99 57 54 98 51 50 55 97 51 101 49 55 48 51 99 57 49 1
            00 55 ]
            }
         :resno 1 
         :resname ?column? 
         :ressortgroupref 0 
         :resorigtbl 0 
         :resorigcol 0 
         :resjunk false
         }
      )
      :plan.qual <> 
      :plan.lefttree <> 
      :plan.righttree <> 
      :plan.initPlan <> 
      :plan.extParam (b)
      :plan.allParam (b)
      :resconstantqual <>
      }
   :rtable (
      {RANGETBLENTRY 
      :alias <> 
      :eref 
         {ALIAS 
         :aliasname *RESULT* 
         :colnames <>
         }
      :rtekind 8 
      :lateral false 
      :inFromCl false 
      :securityQuals <>
      }
   )
   :permInfos <> 
   :resultRelations <> 
   :appendRelations <> 
   :subplans <> 
   :rewindPlanIDs (b)
   :rowMarks <> 
   :relationOids <> 
   :invalItems <> 
   :paramExecTypes <> 
   :utilityStmt <> 
   :stmt_location 0 
   :stmt_len 45
   }

