bun test v1.4.2 (43848b5a7)

tests/core/field-kind.test.ts:
(pass) original0.8 kind inspection use the exact7.0 result contract [15.98ms]
(pass) kind lookup separates legacy, unknown, missing and defined roles without inventing provenance [35.55ms]
(pass) author provenance survives serialization, verification and rollback without claiming native meaning [17.05ms]
(pass) authoring blocks unknown meaning, legacy versions and structured/scalar conflicts atomically [0.42ms]
(pass) provenance verification rejects forged paths, altered assertions and stale native or unrelated content [1.38ms]

tests/core/read-only-result-schemas.test.ts:
(pass) original0.8 read-only Key and relationship result schemas refuse legacy meaning [66.92ms]

tests/core/key-ideals.test.ts:
(pass) candidate Key checks membership, primary/alternate identities and component equality [103.32ms]
(pass) key schema leaves cross-reference semantics to validator; old profiles stay opaque [28.67ms]
(pass) key candidate never invokes getters and retains path-qualified unknowns [0.61ms]

tests/core/relationship-public.test.ts:
(pass) public 0.7.0 validation and document serialization retain authored relationships and reject broken targets [10.95ms]
(pass) earlier core operations use 0.7.0 receipts and refuse edits invalidating keyed endpoints [115.64ms]
(pass) 0.7.0 element selection retains full relationship context and the explicitly declared element traversal scope [1.39ms]
(pass) extension semantic validators receive the actual relationship-bearing 0.7.0 document [1.54ms]

tests/core/native-json.test.ts:
(pass) CONTRACT-001: shared exact JSON tree is representation-identical across three extensions [7.16ms]
(pass) US-024-AC4: explicit YAML 1.1 preserves underscored boundaries without changing the default profile [0.47ms]
(pass) US-024-AC4: date-only string projection is explicit and does not admit general timestamps [0.17ms]
(pass) US-024-AC4: PyYAML boolean vocabulary leaves single-letter axis names unchanged [0.22ms]

tests/core/cardinality-ideals.test.ts:
(pass) Cardinality is explicit Field meaning with independent item/value references and availability [10.36ms]
(pass) containers cannot acquire scalar labels; invalid roles, labels and item links refuse atomically [1.84ms]
(pass) unknown cardinality and recursive/cross-module item definitions remain copied and recoverable [4.15ms]
(pass) legacy cardinality and itemType stay opaque; transition archives both even when they look valid [39.12ms]
(pass) rollback retains later assertions separately and refuses forged receipts or changed identities [0.96ms]

tests/core/cardinality-operations.test.ts:
(pass) original0.8 cardinality inspection retains shape and item references without authoring admission [6.35ms]
(pass) authored Cardinality and item meaning survive serialized verified receipts without source mutation [16.83ms]
(pass) item omission preserves meaning; explicit set or clear retains previous meaning in archived source [0.82ms]
(pass) legacy, missing, unknown and inapplicable Cardinality inspections never infer native meaning [1.75ms]
(pass) invalid requests and item/scalar conflicts fail atomically; no getters execute [2.00ms]
(pass) forged or stale author receipts cannot confer provenance [3.16ms]

tests/core/field-ideals.test.ts:
(pass) field kinds are explicit; missing kind is never inferred from scalar family [1.58ms]
(pass) legacy collisions stay opaque, including names that are now known [3.64ms]
(pass) new profile refuses malformed kinds and structured scalar claims atomically [0.77ms]
(pass) unknown future kind and other open metadata survive without semantic completion [3.47ms]
(pass) future envelope versions and unsafe getter inputs cannot be interpreted [0.11ms]

tests/core/nullability-authoring.test.ts:
(pass) inspection distinguishes legacy, absent, inapplicable, known and unknown without inventing provenance [2.34ms]
(pass) authored availability has exact identity/provenance and survives JSON/YAML without claiming native absence meaning [8.14ms]
(pass) unknown assertions, non-fields, wrong versions and invalid identities refuse instead of overwriting intent [0.35ms]
(pass) tampered and stale receipts refuse; migration rollback retains new authored assertions [2.88ms]

tests/core/core.test.ts:
(pass) US-001-AC1: JSON and YAML retain unknown extension and core fields without claiming understanding [3.38ms]
(pass) US-001-AC2: names in independent contexts coexist; identity and references are checked [29.46ms]
(pass) US-001-AC2: native semantics are not inferred by extension structural validation [7.30ms]
(pass) US-001-AC2: undeclared versions, duplicate registration, invalid schema and scope fail explicitly [13.80ms]
(pass) US-001-AC3: safe edits are atomic, checked and reflected in both serializations [11.44ms]
(pass) US-001-AC3: unknown dependencies block edits even if the edited extension is known [3.67ms]
(pass) US-001-AC2: validator exceptions never become successful validation [3.44ms]
(pass) US-001-AC4: duplicate keys and non-JSON YAML are rejected [1.43ms]
(pass) US-001-AC4: numeric boundaries fail instead of rounding and interoperable decimals survive [0.42ms]
(pass) US-001-AC4: non-JSON programmatic values cannot disappear during serialization [0.09ms]
(pass) US-001-AC4: dangerous property names are retained as data, never inherited behavior [0.13ms]
(pass) US-001-AC4: document depth and size limits fail explicitly [0.41ms]
(pass) US-001-AC1: generated unknown content survives repeated portable serialization [57.89ms]
(pass) registry captures a frozen copy, independent of subsequent package edits [4.49ms]
(pass) published minimal document fixture validates with independent namespaces and references [65.65ms]
(pass) US-001-AC1: YAML preserves long leading-indented multiline native comments [0.54ms]
(pass) US-001-AC2: JSON equality handles reference objects and method-like data keys safely [5.52ms]

tests/core/relationship-ideal.test.ts:
(pass) relationship candidate resolves keyed endpoints, participation, lifecycle and reified identity [145.23ms]
(pass) old relationship-shaped unknown members remain opaque and candidate does not infer associations [1.16ms]
(pass) candidate retains unknown meanings and rejects accessors and cyclic input without evaluation [1.35ms]

tests/core/facet-authoring.test.ts:
(pass) authored facet groups have copied provenance, exact declared bounds and verifiable JSON/YAML receipts [21.48ms]
(pass) facet updates retain unknown groups and nested qualifiers; unknown units stay uninterpreted [0.92ms]
(pass) invalid facet patches, conflicts, legacy authoring and hostile inputs refuse without mutation [1.35ms]
(pass) stale, forged and cross-document facet receipts cannot confer author provenance [3.63ms]

tests/core/relationship-transition.test.ts:
(pass) explicit 0.6 to 0.7 transition archives every module collision without interpreting it [142.35ms]
(pass) rollback restores original envelope and retains new assertions and native edits in its source [23.14ms]
(pass) forged receipts, invalid current meaning and mismatched document identities reject [29.64ms]
(pass) transition functions reject accessors without evaluating them [1.33ms]

tests/core/key-transition.test.ts:
(pass) explicit Key migration archives all element collisions without adopting author intent [55.79ms]
(pass) rollback restores exact old content and separately retains later key assertions and native edits [5.56ms]
(pass) forged receipts, wrong identities/versions and invalid current key meaning reject atomically [10.20ms]
(pass) no-collision migration and copy discipline preserve opaque scopes without getters [0.79ms]

tests/core/nullability-transition.test.ts:
(pass) explicit upgrade archives every old label and preserves roles, native refinements and references [0.67ms]
(pass) both receipt formats roll back original model while retaining subsequent availability and native edits [3.54ms]
(pass) null, empty, known, future and method-like collisions remain recoverable [2.87ms]
(pass) forged receipts, wrong identity, wrong versions and malformed current states refuse atomically [2.05ms]
(pass) 0.1.0 requires the Field transition first and the inverse chain preserves both collisions [1.17ms]
(pass) getter inputs are refused without invoking artifact code [0.07ms]

tests/core/selection.test.ts:
(pass) CONTRACT-001 selection preserves distinct contexts, core reference boundaries, cycles and unknown meaning [27.26ms]
(pass) CONTRACT-001 malformed queries and unresolved core sources fail without invoking accessors [119.22ms]
(pass) CONTRACT-001 callers can supply semantic validation without confusing selection with native dependency discovery [12.25ms]
(pass) CONTRACT-001 shared scalar selection keeps native recoveries intact across the five priority systems [987.83ms]

tests/core/nullability-schema-properties.test.ts:
(pass) original0.8 nullability distinguishes declared, unknown, missing and inapplicable meanings [3.38ms]

tests/core/facet-ideals.test.ts:
(pass) candidate facet semantics check families, roles, shape, pairs and qualified unknowns [14.91ms]
(pass) candidate JSON Schema documents structural limits; semantic comparison remains explicit [1.69ms]
(pass) facet tokens are checked before conversion; unsafe numbers and accessors refuse atomically [0.80ms]

tests/core/key-tuple.test.ts:
(pass) key tuple vectors and domain boundaries produce exact frames or atomic refusals [74.34ms]
(pass) stable key ID survives name/list changes while retained receipts detect stale context [1.16ms]
(pass) tuple verification rejects forged and nonminimal frames and altered retained inputs [2.24ms]
(pass) unknown relevant qualifiers block and unrelated native extension content survives [4.46ms]
(pass) shortest length/count framing and no getter evaluation [6.12ms]
(pass) resource bounds and a bad later component refuse the whole tuple [3.69ms]
(pass) current document context and result schema reject prior versions without downgrading [1.72ms]

tests/core/facet-schema-properties.test.ts:
(pass) original0.8 facet inspection covers exact new bounds and older groups without authoring [37.73ms]
(pass) original0.8 facet unknown qualifiers and units stay scoped; interpretations are isolated [2.12ms]
(pass) historical projection bridge snapshots and validates its public input [0.25ms]

tests/core/schema-properties.test.ts:
(pass) CONTRACT-049 schema properties > valid [1.53ms]
(pass) CONTRACT-049 schema properties > duplicate-equal-integers [0.67ms]
(pass) CONTRACT-049 schema properties > duplicate-equal-decimals [0.61ms]
(pass) CONTRACT-049 schema properties > duplicate-equal-binary [0.63ms]
(pass) CONTRACT-049 schema properties > invalid-default-domain [0.46ms]
(pass) CONTRACT-049 schema properties > default-not-in-set [0.42ms]
(pass) CONTRACT-049 schema properties > fractional-integer [0.38ms]
(pass) CONTRACT-049 schema properties > decimal-rounding [0.38ms]
(pass) CONTRACT-049 schema properties > collection-size [0.37ms]
(pass) CONTRACT-049 schema properties > min-length [0.34ms]
(pass) CONTRACT-049 schema properties > surrogate [0.37ms]
(pass) CONTRACT-049 schema properties > empty-range [0.54ms]
(pass) CONTRACT-049 schema properties > unpaired-flag [0.81ms]
(pass) CONTRACT-049 schema properties > inverted-length [0.74ms]
(pass) CONTRACT-049 schema properties > inverted-size [0.49ms]
(pass) CONTRACT-049 schema properties > collection-bound-on-scalar [0.44ms]
(pass) CONTRACT-049 schema properties > range-on-string [0.47ms]
(pass) CONTRACT-049 schema properties > unknown-default-behavior [0.16ms]
(pass) CONTRACT-049 schema properties > null-numeric-bound [0.68ms]
(pass) CONTRACT-049 schema properties > unknown-facet-inverted-range [0.69ms]
(pass) CONTRACT-049 schema properties > empty-discrete-integer-range [0.65ms]
(pass) CONTRACT-049 schema properties > empty-discrete-decimal-range [0.45ms]
(pass) CONTRACT-049 schema properties > signed8-min-domain-extreme-exclusive [0.37ms]
(pass) CONTRACT-049 schema properties > signed8-min-domain-extreme-inclusive [0.12ms]
(pass) CONTRACT-049 schema properties > signed8-max-domain-extreme-exclusive [0.12ms]
(pass) CONTRACT-049 schema properties > signed8-max-domain-extreme-inclusive [0.08ms]
(pass) CONTRACT-049 schema properties > unsigned8-min-domain-extreme-exclusive [0.08ms]
(pass) CONTRACT-049 schema properties > unsigned8-min-domain-extreme-inclusive [0.07ms]
(pass) CONTRACT-049 schema properties > unsigned8-max-domain-extreme-exclusive [0.07ms]
(pass) CONTRACT-049 schema properties > unsigned8-max-domain-extreme-inclusive [0.08ms]
(pass) CONTRACT-049 schema properties > decimal-scale0-min-domain-extreme-exclusive [0.11ms]
(pass) CONTRACT-049 schema properties > decimal-scale0-min-domain-extreme-inclusive [0.07ms]
(pass) CONTRACT-049 schema properties > decimal-scale0-max-domain-extreme-exclusive [0.07ms]
(pass) CONTRACT-049 schema properties > decimal-scale0-max-domain-extreme-inclusive [0.06ms]
(pass) CONTRACT-049 schema properties > decimal-scale2-min-domain-extreme-exclusive [0.06ms]
(pass) CONTRACT-049 schema properties > decimal-scale2-min-domain-extreme-inclusive [0.06ms]
(pass) CONTRACT-049 schema properties > decimal-scale2-max-domain-extreme-exclusive [0.06ms]
(pass) CONTRACT-049 schema properties > decimal-scale2-max-domain-extreme-inclusive [0.06ms]
(pass) CONTRACT-049 schema properties > public JSON/YAML round trips and input copy isolation [7.16ms]
(pass) CONTRACT-049 schema properties > document/module metadata do not change IDs [3.44ms]
(pass) CONTRACT-049 schema properties > value properties are refused on non-Field elements [2.30ms]
(pass) CONTRACT-049 schema properties > defaults distinguish missing, null and present without mutation [9.52ms]
(pass) CONTRACT-049 schema properties > exact numeric values, range boundaries and Unicode units [3.15ms]
(pass) CONTRACT-049 schema properties > minimum-only length, zero-sized collections and maps [1.25ms]
(pass) CONTRACT-049 schema properties > unknown unrelated content survives; relevant qualifiers refuse [2.79ms]
(pass) CONTRACT-049 schema properties > legacy collisions archived, rollback retains subsequent assertions [8.54ms]
(pass) CONTRACT-049 schema properties > 0.8.0 metadata selection follows item types and retains new properties [1.07ms]
(pass) CONTRACT-049 schema properties > zero maximum lengths, absolute tokens and known default preservation [5.87ms]
(pass) CONTRACT-049 schema properties > hostile accessors are never executed [0.08ms]
(pass) CONTRACT-049 schema properties > legacy lookalikes stay unknown and need explicit migration [0.41ms]

tests/core/field-transition.test.ts:
(pass) upgrade explicitly archives every legacy collision and preserves all other metadata [0.39ms]
(pass) serialized receipts support exact model rollback while retaining later assertions and native edits [5.25ms]
(pass) tampered or stale receipts fail without overwriting source or edited model [1.55ms]
(pass) null, method-like names, unknown content, and malformed inputs retain copy safety [1.58ms]

tests/core/key-operations.test.ts:
(pass) original0.8 Key inspection and lookup retain unknown qualifiers and scoped authoring [15.19ms]
(pass) public Key authoring, inspection and stable lookup preserve copied source and both serializations [27.29ms]
(pass) key updates retain identity and unknowns, reject tuple changes and implicit primary demotion [13.70ms]
(pass) operation verification rejects forged/stale context and old profiles remain opaque [7.68ms]
(pass) 0.6.0 core operations use new receipts and refuse changes invalidating keys [47.44ms]
(pass) Key selection reports explicit member/component boundaries and traverses by identity [5.28ms]
(pass) 0.6.0 extension validators receive the actual key-bearing document and can reject it [11.93ms]
(pass) member traversal terminates on cycles and component order cannot change under a stable key ID [4.45ms]

tests/core/deep-json-equality.test.ts:
(pass) deep JSON const/enum/unique comparisons avoid exponential string escaping [4.71ms]
(pass) deep unknown native content survives TableSpec receipt verification [83.06ms]
(pass) deep unrelated metadata survives authored TableSpec projection and exact ideal recovery [48.72ms]

tests/core/relationship-operations.test.ts:
(pass) original0.8 relationship inspection and lookup retain unknown lifecycle and endpoint qualifiers [15.47ms]
(pass) candidate authoring and stable lookup expose all authored shapes with verified serialized receipts [472.70ms]
(pass) rename and endpoint set reorder preserve stable identity and every unknown qualifier [5.85ms]
(pass) existing IDs cannot move to different endpoint keys, directions or association Records [4.95ms]
(pass) legacy values remain inspectable without authoring and future lifecycle stays uninterpreted [3.71ms]
(pass) receipt recomputation, current context and input copying reject forgeries and getters [10.47ms]

tests/core/schema-properties-review.test.ts:
(pass) extension validators receive complete isolated 0.8.0 context at every scope [8.65ms]
(pass) nullable numeric Fields reject null bounds without throwing [6.00ms]
(pass) unknown facets cannot bypass known range validation [1.20ms]
(pass) integer and fixed-scale ranges reject empty discrete intervals [5.54ms]
(pass) single exclusive bounds reject integer and decimal domain extrema [27.96ms]
(pass) range emptiness checks do not expand enormous numeric domains [0.84ms]
(pass) value and default APIs reject identity accessors without invoking them [0.16ms]
(pass) explicit malformed facet patches reject atomically [6.69ms]
(pass) unknown length units remain incomplete and block extension edits for every bound shape [8.42ms]

tests/core/relationship-selection.test.ts:
(pass) authored relationship selection resolves exact endpoint and alternate-key metadata with full source recovery [67.17ms]
(pass) filters use exact stable identities, set intersection and empty-filter semantics [7.39ms]
(pass) navigation is presentation metadata and retains undirected, inverse and association distinctions [2.04ms]
(pass) selection refuses legacy inputs and invalid filters without executing getters [0.60ms]

tests/core/javascript-numeric.test.ts:
(pass) safe integer admission and bigint boundaries [1.26ms]
(pass) decimal admission uses exact binary value rather than shortest spelling [0.21ms]
(pass) constructor retains spelling and refuses malformed and over-limit input [0.17ms]
(pass) declared decimals, exclusions, unknown qualifiers and JSON/YAML carriers [2.14ms]

tests/core/scalar.test.ts:
(pass) CONTRACT-001 scalar families are interpreted core metadata and survive both formats [1.06ms]
(pass) CONTRACT-001 unknown scalar families remain recoverable and explicitly incomplete [0.37ms]

tests/core/nullability-ideals.test.ts:
(pass) explicit nullability requires a Field and survives both formats without native interpretation [1.83ms]
(pass) missing availability does not inherit native nullable flags or defaults [0.40ms]
(pass) older envelopes preserve all colliding nullability values as opaque content [3.91ms]
(pass) unknown availability is retained, but malformed values and non-Field use fail atomically [0.66ms]
(pass) unsafe getters and unsupported future versions cannot be interpreted [0.07ms]

tests/core/facet-transition.test.ts:
(pass) explicit facet migration archives every legacy collision and recovers it through both serializations [28.91ms]
(pass) rollback restores the original without reinterpreting later bounds; forged receipts and wrong versions refuse [2.82ms]
(pass) 0.5.0 document validation and selection preserve item facets, availability, unknowns and boundaries [2.11ms]

 191 pass
 0 fail
 4831 expect() calls
Ran 191 tests across 31 files. [20.41s]
