bun test v1.3.14 (0d9b296a)

tests/binding/sqlserver.test.ts:
(pass) full SQL Server physical binding keyed-association-and-fk [1370.26ms]
(pass) full SQL Server physical binding alternate-unique-target [1269.56ms]
(pass) full SQL Server physical binding nullable-composite [1321.89ms]
(pass) full SQL Server physical binding anonymous-junction [1312.46ms]
(pass) full SQL Server physical binding edge [1261.17ms]
(pass) full SQL Server physical binding inline-residual [1302.46ms]
(pass) full SQL Server physical binding shared-edge [1310.02ms]
(fail) exact mapping, association attributes, case collisions and unsupported Key widths refuse [5553.11ms]
  ^ this test timed out after 5000ms.
(pass) hostile getters and noncanonical filtered predicates never execute or normalize silently [1538.47ms]
(pass) optional original catalog archive recovers exact text and unrelated native content [1934.86ms]

tests/binding/stable-ids.test.ts:
(pass) @covers US-046-AC3 AC9 AC10: stable ID survives rename and copied receipts preserve old unknown content [268.71ms]
(pass) @covers US-046-AC3 AC10: duplicate, missing, stale and legacy opaque relationship references refuse [199.11ms]
(pass) @covers US-046-AC7 AC10: rollback preserves new ID-only choices and all edits as copied residuals [102.86ms]
(pass) @covers US-046-AC10: receipts are recomputed and unrelated bindings cannot roll back [176.30ms]
(pass) public binding inspection refuses mismatched profiles and accessors without invoking them [17.00ms]
(pass) published migration/receipt/rollback schema validates full retained representation and rejects missing content [191.94ms]
(pass) legacy duplicate identity uses names even when unknown id members differ [48.25ms]

tests/binding/sqlserver-tables.test.ts:
(pass) @covers US-046-AC2 @covers US-046-AC4 @covers US-046-AC5: explicit tables, partition family and embedded residual [106.78ms]
(pass) @covers US-046-AC3: stale model, unknown binding content and unsafe type policy block [169.21ms]
(pass) @covers US-046-AC3: stale SQL Server table policies block before DDL emission [162.20ms]
(pass) @covers US-046-AC4 @covers US-046-AC5: missing partition policy and DDD identity remain residuals [107.02ms]
(pass) @covers US-046-AC3: document-column type and path conflicts block before native DDL [110.15ms]
(pass) @covers US-046-AC6 @covers US-046-AC7: authored and native archives remain separate [98.02ms]

tests/binding/sqlserver-tables-indexes.test.ts:
(pass) @covers US-046-AC2 @covers US-047-AC4: authored inputs alone generate the same native-valid DDL [727.52ms]
(pass) @covers US-046-AC3 @covers US-047-AC9: planned columns and predicates must be safe before index emission [346.54ms]
(pass) @covers US-046-AC2 @covers US-047-AC4: generated tables and indexes compose with explicit catalog evidence [364.42ms]
(pass) @covers US-046-AC3 @covers US-047-AC9: stale column evidence and unknown binding block [221.53ms]

tests/binding/sqlserver-indexes.test.ts:
(pass) @covers US-047-AC4 @covers US-047-AC5 @covers US-047-AC8: rowstore, unique and filtered candidates have residuals for other kinds [233.86ms]
(pass) @covers US-046-AC3 @covers US-047-AC9: unsafe filtered predicate and unknown catalog column are residuals [196.96ms]
(pass) @covers US-047-AC9: a filtered predicate must name an observed column [91.09ms]

tests/binding/postgresql-indexes.test.ts:
(pass) @covers US-047-AC3 @covers US-047-AC4 @covers US-047-AC5: PostgreSQL kinds, document path and clustering residual [708.29ms]
(pass) @covers US-046-AC3 @covers US-047-AC9: absent native column and unsafe predicate are not emitted [460.59ms]
(pass) @covers US-047-AC9: identifiers that PostgreSQL would truncate are refused [79.43ms]

tests/binding/parquet.test.ts:
(pass) @covers US-046-AC4 @covers US-047-AC4: strict Parquet projection blocks every unsupported physical obligation [54.43ms]
(pass) @covers US-046-AC5 @covers US-047-AC5: report retains every target-specific loss and source [45.12ms]
(pass) @covers US-046-AC6 @covers US-046-AC7 @covers US-047-AC6 @covers US-047-AC7: both retained recovery directions [130.29ms]
(pass) @covers US-046-AC8 @covers US-047-AC8: Parquet version is qualified and index intent is never invented from native file [82.14ms]
(pass) @covers US-046-AC5: unknown physical refinement remains in source and blocks unsafe lowering [20.76ms]

tests/binding/package.test.ts:
(pass) @covers US-046-AC1 @covers US-046-AC2: separate binding preserves logical identity and copied choices [82.78ms]
(pass) @covers US-046-AC7: independent document round-trips in both UMF formats [79.99ms]
(pass) @covers US-046-AC3: stale model and duplicate or missing bindings fail with paths [74.47ms]
(pass) @covers US-046-AC7: unknown binding content survives but remains incomplete [58.33ms]
(pass) @covers US-046-AC2: nested DDD field resolves by owner ID and exact field key [37.26ms]

tests/binding/multi-target.test.ts:
(pass) @covers US-046-AC1 @covers US-047-AC1: one authored graph has independent physical target bindings [280.78ms]
(pass) @covers US-046-AC2 @covers US-047-AC3: shared graph Delta clustering is native-readable and unsupported kinds retain residuals [296.33ms]

tests/binding/indexes.test.ts:
(pass) @covers US-047-AC1 @covers US-047-AC2: ordered index capability lives only in binding [59.91ms]
(pass) @covers US-047-AC4 @covers US-047-AC5: strict blocks and report residualizes clustering [77.04ms]
(pass) @covers US-047-AC9: invalid index kind combinations and paths fail [37.55ms]
(pass) @covers US-047-AC8: target outcomes are qualified and never infer author intent [153.36ms]
(pass) @covers US-047-AC5: unknown index refinements survive but block unsafe projection [38.84ms]
(pass) @covers US-046-AC3 @covers US-047-AC9: storage alternatives and expression paths cannot be mixed [65.85ms]

tests/binding/iceberg.test.ts:
(pass) @covers US-046-AC4 @covers US-046-AC5 @covers US-046-AC7 @covers US-047-AC4 @covers US-047-AC5 @covers US-047-AC7: sort order is an explicit approximation and native source recovers [563.81ms]
(pass) @covers US-046-AC3 @covers US-047-AC8: unsupported index and missing storage column remain residuals [355.36ms]

tests/binding/delta.test.ts:
(pass) @covers US-046-AC6 @covers US-046-AC7 @covers US-047-AC6 @covers US-047-AC7: clustering action uses exact physical columns and preserves native source [106.61ms]
(pass) @covers US-046-AC4 @covers US-046-AC5 @covers US-047-AC4 @covers US-047-AC5: strict blocks unsupported index and report retains it as residual [249.02ms]
(pass) @covers US-046-AC3 @covers US-047-AC8: native partitioning and absent columns cannot silently become clustering [178.18ms]

1 tests failed:
(fail) exact mapping, association attributes, case collisions and unsupported Key widths refuse [5553.11ms]
  ^ this test timed out after 5000ms.

 55 pass
 1 fail
 372 expect() calls
Ran 56 tests across 12 files. [32.18s]
