bun test v1.3.14 (0d9b296a)

tests/binding/sqlserver.test.ts:
(pass) full SQL Server physical binding keyed-association-and-fk [1316.62ms]
(pass) full SQL Server physical binding alternate-unique-target [1193.86ms]
(pass) full SQL Server physical binding nullable-composite [1262.97ms]
(pass) full SQL Server physical binding anonymous-junction [1295.49ms]
(pass) full SQL Server physical binding edge [1250.07ms]
(pass) full SQL Server physical binding inline-residual [1238.24ms]
(pass) full SQL Server physical binding shared-edge [1252.76ms]
(pass) exact mapping, association attributes, case collisions and unsupported Key widths refuse [5401.29ms]
(pass) hostile getters and noncanonical filtered predicates never execute or normalize silently [1418.81ms]
(pass) optional original catalog archive recovers exact text and unrelated native content [1807.66ms]
(pass) every retained residual and mapping resolves against its declared source [3299.39ms]

tests/binding/stable-ids.test.ts:
(pass) @covers US-046-AC3 AC9 AC10: stable ID survives rename and copied receipts preserve old unknown content [265.40ms]
(pass) @covers US-046-AC3 AC10: duplicate, missing, stale and legacy opaque relationship references refuse [187.58ms]
(pass) @covers US-046-AC7 AC10: rollback preserves new ID-only choices and all edits as copied residuals [103.46ms]
(pass) @covers US-046-AC10: receipts are recomputed and unrelated bindings cannot roll back [168.58ms]
(pass) public binding inspection refuses mismatched profiles and accessors without invoking them [16.24ms]
(pass) published migration/receipt/rollback schema validates full retained representation and rejects missing content [159.56ms]
(pass) legacy duplicate identity uses names even when unknown id members differ [42.18ms]

tests/binding/sqlserver-tables.test.ts:
(pass) @covers US-046-AC2 @covers US-046-AC4 @covers US-046-AC5: explicit tables, partition family and embedded residual [95.47ms]
(pass) @covers US-046-AC3: stale model, unknown binding content and unsafe type policy block [156.08ms]
(pass) @covers US-046-AC3: stale SQL Server table policies block before DDL emission [146.74ms]
(pass) @covers US-046-AC4 @covers US-046-AC5: missing partition policy and DDD identity remain residuals [101.00ms]
(pass) @covers US-046-AC3: document-column type and path conflicts block before native DDL [97.78ms]
(pass) @covers US-046-AC6 @covers US-046-AC7: authored and native archives remain separate [112.70ms]

tests/binding/sqlserver-tables-indexes.test.ts:
(pass) @covers US-046-AC2 @covers US-047-AC4: authored inputs alone generate the same native-valid DDL [633.02ms]
(pass) @covers US-046-AC3 @covers US-047-AC9: planned columns and predicates must be safe before index emission [313.69ms]
(pass) @covers US-046-AC2 @covers US-047-AC4: generated tables and indexes compose with explicit catalog evidence [336.63ms]
(pass) @covers US-046-AC3 @covers US-047-AC9: stale column evidence and unknown binding block [205.00ms]

tests/binding/sqlserver-indexes.test.ts:
(pass) @covers US-047-AC4 @covers US-047-AC5 @covers US-047-AC8: rowstore, unique and filtered candidates have residuals for other kinds [242.39ms]
(pass) @covers US-046-AC3 @covers US-047-AC9: unsafe filtered predicate and unknown catalog column are residuals [213.61ms]
(pass) @covers US-047-AC9: a filtered predicate must name an observed column [105.65ms]

tests/binding/postgresql-indexes.test.ts:
(pass) @covers US-047-AC3 @covers US-047-AC4 @covers US-047-AC5: PostgreSQL kinds, document path and clustering residual [693.37ms]
(pass) @covers US-046-AC3 @covers US-047-AC9: absent native column and unsafe predicate are not emitted [389.85ms]
(pass) @covers US-047-AC9: identifiers that PostgreSQL would truncate are refused [73.15ms]

tests/binding/parquet.test.ts:
(pass) @covers US-046-AC4 @covers US-047-AC4: strict Parquet projection blocks every unsupported physical obligation [48.95ms]
(pass) @covers US-046-AC5 @covers US-047-AC5: report retains every target-specific loss and source [39.87ms]
(pass) @covers US-046-AC6 @covers US-046-AC7 @covers US-047-AC6 @covers US-047-AC7: both retained recovery directions [119.49ms]
(pass) @covers US-046-AC8 @covers US-047-AC8: Parquet version is qualified and index intent is never invented from native file [76.17ms]
(pass) @covers US-046-AC5: unknown physical refinement remains in source and blocks unsafe lowering [18.54ms]

tests/binding/package.test.ts:
(pass) @covers US-046-AC1 @covers US-046-AC2: separate binding preserves logical identity and copied choices [75.81ms]
(pass) @covers US-046-AC7: independent document round-trips in both UMF formats [71.65ms]
(pass) @covers US-046-AC3: stale model and duplicate or missing bindings fail with paths [69.75ms]
(pass) @covers US-046-AC7: unknown binding content survives but remains incomplete [50.95ms]
(pass) @covers US-046-AC2: nested DDD field resolves by owner ID and exact field key [34.50ms]

tests/binding/multi-target.test.ts:
(pass) @covers US-046-AC1 @covers US-047-AC1: one authored graph has independent physical target bindings [254.50ms]
(pass) @covers US-046-AC2 @covers US-047-AC3: shared graph Delta clustering is native-readable and unsupported kinds retain residuals [265.88ms]

tests/binding/indexes.test.ts:
(pass) @covers US-047-AC1 @covers US-047-AC2: ordered index capability lives only in binding [56.67ms]
(pass) @covers US-047-AC4 @covers US-047-AC5: strict blocks and report residualizes clustering [69.57ms]
(pass) @covers US-047-AC9: invalid index kind combinations and paths fail [34.21ms]
(pass) @covers US-047-AC8: target outcomes are qualified and never infer author intent [148.12ms]
(pass) @covers US-047-AC5: unknown index refinements survive but block unsafe projection [40.47ms]
(pass) @covers US-046-AC3 @covers US-047-AC9: storage alternatives and expression paths cannot be mixed [67.99ms]

tests/binding/iceberg.test.ts:
(pass) @covers US-046-AC4 @covers US-046-AC5 @covers US-046-AC7 @covers US-047-AC4 @covers US-047-AC5 @covers US-047-AC7: sort order is an explicit approximation and native source recovers [539.63ms]
(pass) @covers US-046-AC3 @covers US-047-AC8: unsupported index and missing storage column remain residuals [326.91ms]

tests/binding/delta.test.ts:
(pass) @covers US-046-AC6 @covers US-046-AC7 @covers US-047-AC6 @covers US-047-AC7: clustering action uses exact physical columns and preserves native source [94.70ms]
(pass) @covers US-046-AC4 @covers US-046-AC5 @covers US-047-AC4 @covers US-047-AC5: strict blocks unsupported index and report retains it as residual [236.98ms]
(pass) @covers US-046-AC3 @covers US-047-AC8: native partitioning and absent columns cannot silently become clustering [162.72ms]

 57 pass
 0 fail
 4708 expect() calls
Ran 57 tests across 12 files. [34.02s]
