   Compiling proc-macro2 v1.0.107
   Compiling unicode-ident v1.0.26
   Compiling quote v1.0.47
   Compiling cfg-if v1.0.5
   Compiling serde_core v1.0.228
   Compiling version_check v0.9.5
   Compiling libc v0.2.190
   Compiling autocfg v1.5.1
   Compiling zerocopy v0.8.59
   Compiling memchr v2.8.3
   Compiling equivalent v1.0.2
   Compiling ref-cast v1.0.27
   Compiling foldhash v0.2.0
   Compiling allocator-api2 v0.2.21
   Compiling ryu v1.0.23
   Compiling parking_lot_core v0.9.12
   Compiling serde v1.0.228
   Compiling itoa v1.0.18
   Compiling regex-syntax v0.8.11
   Compiling hashbrown v0.17.1
   Compiling once_cell v1.21.4
   Compiling scopeguard v1.2.0
   Compiling smallvec v1.16.2
   Compiling borrow-or-share v0.2.4
   Compiling aho-corasick v1.1.5
   Compiling serde_json v1.0.145
   Compiling ahash v0.8.12 (/private/var/folders/z0/kv_wlyps77b_txh08w55z99w0000gn/T/association-owner-build-_n56kdbv/weft/vendor/ahash)
   Compiling num-traits v0.2.19
   Compiling generic-array v0.14.7
   Compiling lock_api v0.4.14
   Compiling getrandom v0.3.4
   Compiling winnow v1.0.4
   Compiling bit-vec v0.8.0
   Compiling indexmap v2.14.2
   Compiling typenum v1.20.1
   Compiling percent-encoding v2.3.2
   Compiling micromap v0.3.0
   Compiling toml_datetime v1.1.1+spec-1.1.0
   Compiling bit-set v0.8.0
   Compiling zmij v1.0.23
   Compiling jsonschema-regex v0.56.0
   Compiling toml_parser v1.1.3+spec-1.1.0
   Compiling regex-automata v0.4.18
   Compiling syn v2.0.119
   Compiling syn v3.0.6
   Compiling parking_lot v0.12.5
   Compiling rand_core v0.9.5
   Compiling num-integer v0.1.47
   Compiling num-complex v0.4.6
   Compiling toml_edit v0.25.15+spec-1.1.0
   Compiling unicode-general-category v1.1.0
   Compiling heck v0.5.0
   Compiling crypto-common v0.1.7
   Compiling num-bigint v0.4.8
   Compiling num-iter v0.1.46
   Compiling block-buffer v0.10.4
   Compiling num-cmp v0.1.0
warning: unexpected `cfg` condition value: `128`
   --> vendor/ahash/src/fallback_hash.rs:164:11
    |
164 |     #[cfg(target_pointer_width = "128")]
    |           ^^^^^^^^^^^^^^^^^^^^^^^^^^^^
    |
    = note: expected values for `target_pointer_width` are: `16`, `32`, and `64`
    = note: see <https://doc.rust-lang.org/nightly/rustc/check-cfg/cargo-specifics.html> for more information about checking conditional configuration
    = note: `#[warn(unexpected_cfgs)]` on by default

warning: unexpected `cfg` condition name: `fuzzing`
  --> vendor/ahash/src/random_state.rs:48:58
   |
48 |     if #[cfg(all(feature = "compile-time-rng", any(test, fuzzing)))] {
   |                                                          ^^^^^^^
   |
   = help: expected names are: `docsrs`, `feature`, `folded_multiply`, `specialize`, and `test` and 31 more
   = help: consider using a Cargo feature instead
   = help: or consider adding in `Cargo.toml` the `check-cfg` lint config for the lint:
            [lints.rust]
            unexpected_cfgs = { level = "warn", check-cfg = ['cfg(fuzzing)'] }
   = help: or consider adding `println!("cargo::rustc-check-cfg=cfg(fuzzing)");` to the top of the `build.rs`
   = note: see <https://doc.rust-lang.org/nightly/rustc/check-cfg/cargo-specifics.html> for more information about checking conditional configuration

warning: unexpected `cfg` condition name: `fuzzing`
  --> vendor/ahash/src/random_state.rs:68:54
   |
68 |     } else if #[cfg(all(feature = "runtime-rng", not(fuzzing)))] {
   |                                                      ^^^^^^^
   |
   = help: consider using a Cargo feature instead
   = help: or consider adding in `Cargo.toml` the `check-cfg` lint config for the lint:
            [lints.rust]
            unexpected_cfgs = { level = "warn", check-cfg = ['cfg(fuzzing)'] }
   = help: or consider adding `println!("cargo::rustc-check-cfg=cfg(fuzzing)");` to the top of the `build.rs`
   = note: see <https://doc.rust-lang.org/nightly/rustc/check-cfg/cargo-specifics.html> for more information about checking conditional configuration

   Compiling vsimd v0.8.0
warning: methods `read_u128x2`, `read_u128x4`, `read_last_u16`, `read_last_u128x2`, and `read_last_u128x4` are never used
  --> vendor/ahash/src/convert.rs:69:8
   |
64 | pub(crate) trait ReadFromSlice {
   |                  ------------- methods in this trait
...
69 |     fn read_u128x2(&self) -> ([u128; 2], &[u8]);
   |        ^^^^^^^^^^^
70 |     fn read_u128x4(&self) -> ([u128; 4], &[u8]);
   |        ^^^^^^^^^^^
71 |     fn read_last_u16(&self) -> u16;
   |        ^^^^^^^^^^^^^
...
75 |     fn read_last_u128x2(&self) -> [u128; 2];
   |        ^^^^^^^^^^^^^^^^
76 |     fn read_last_u128x4(&self) -> [u128; 4];
   |        ^^^^^^^^^^^^^^^^
   |
   = note: `#[warn(dead_code)]` on by default

   Compiling proc-macro-crate v3.5.0
   Compiling outref v0.5.2
   Compiling bytecount v0.6.9
   Compiling digest v0.10.7
   Compiling ppv-lite86 v0.2.21
   Compiling cpufeatures v0.2.17
   Compiling data-encoding v2.11.1
   Compiling rand_xorshift v0.4.0
   Compiling uuid-simd v0.8.0
   Compiling rand_chacha v0.9.0
   Compiling num-rational v0.4.2
   Compiling sha2 v0.10.9
   Compiling rand v0.9.5
   Compiling bitflags v2.13.2
   Compiling regex v1.13.1
   Compiling fancy-regex v0.19.2
warning: `ahash` (lib) generated 4 warnings
   Compiling unarray v0.1.4
   Compiling num v0.4.3
   Compiling proptest v1.11.0
   Compiling fraction v0.17.0
   Compiling ref-cast-impl v1.0.27
   Compiling serde_derive v1.0.228
   Compiling strum_macros v0.28.0
   Compiling fluent-uri v0.4.1
   Compiling referencing v0.56.0
   Compiling strum v0.28.0
   Compiling jsonschema-macros-core v0.56.0
   Compiling email_address v0.2.9
   Compiling jsonschema-value v0.56.0
warning: `ahash` (lib) generated 4 warnings (4 duplicates)
   Compiling jsonschema-macros v0.56.0
   Compiling jsonschema v0.56.0
   Compiling weft-core v0.1.0 (/private/var/folders/z0/kv_wlyps77b_txh08w55z99w0000gn/T/association-owner-build-_n56kdbv/weft/crates/weft-core)
error: Schema file not found: `/private/var/folders/z0/kv_wlyps77b_txh08w55z99w0000gn/T/association-owner-build-_n56kdbv/weft/crates/weft-core/../../docs/helix/02-design/contracts/logical-plan-v0.3.schema.json`
   --> crates/weft-core/src/arithmetic_application_resolve.rs:827:32
    |
827 | #[jsonschema::validator(path = "../../docs/helix/02-design/contracts/logical-plan-v0.3.schema.json")]
    |                                ^^^^^^^^^^^^^^^^^^^^^^^^^^^^^^^^^^^^^^^^^^^^^^^^^^^^^^^^^^^^^^^^^^^^

error: Schema file not found: `/private/var/folders/z0/kv_wlyps77b_txh08w55z99w0000gn/T/association-owner-build-_n56kdbv/weft/crates/weft-core/../../docs/helix/02-design/contracts/security-query-profile-v0.1.schema.json`
 --> crates/weft-core/src/security_query_profile.rs:6:30
  |
6 | #[jsonschema::validator(path="../../docs/helix/02-design/contracts/security-query-profile-v0.1.schema.json")]
  |                              ^^^^^^^^^^^^^^^^^^^^^^^^^^^^^^^^^^^^^^^^^^^^^^^^^^^^^^^^^^^^^^^^^^^^^^^^^^^^^^

error: Schema file not found: `/private/var/folders/z0/kv_wlyps77b_txh08w55z99w0000gn/T/association-owner-build-_n56kdbv/weft/crates/weft-core/../../docs/helix/02-design/contracts/compile-request.schema.json`
  --> crates/weft-core/src/compile.rs:38:32
   |
38 | #[jsonschema::validator(path = "../../docs/helix/02-design/contracts/compile-request.schema.json")]
   |                                ^^^^^^^^^^^^^^^^^^^^^^^^^^^^^^^^^^^^^^^^^^^^^^^^^^^^^^^^^^^^^^^^^^

error: Schema file not found: `/private/var/folders/z0/kv_wlyps77b_txh08w55z99w0000gn/T/association-owner-build-_n56kdbv/weft/crates/weft-core/../../docs/helix/02-design/contracts/compile-request-v0.2.schema.json`
  --> crates/weft-core/src/compile.rs:41:12
   |
41 |     path = "../../docs/helix/02-design/contracts/compile-request-v0.2.schema.json"
   |            ^^^^^^^^^^^^^^^^^^^^^^^^^^^^^^^^^^^^^^^^^^^^^^^^^^^^^^^^^^^^^^^^^^^^^^^

error: Schema file not found: `/private/var/folders/z0/kv_wlyps77b_txh08w55z99w0000gn/T/association-owner-build-_n56kdbv/weft/crates/weft-core/../../docs/helix/02-design/contracts/compile-request-v0.3.schema.json`
  --> crates/weft-core/src/compile.rs:44:32
   |
44 | #[jsonschema::validator(path = "../../docs/helix/02-design/contracts/compile-request-v0.3.schema.json")]
   |                                ^^^^^^^^^^^^^^^^^^^^^^^^^^^^^^^^^^^^^^^^^^^^^^^^^^^^^^^^^^^^^^^^^^^^^^^

error: Schema file not found: `/private/var/folders/z0/kv_wlyps77b_txh08w55z99w0000gn/T/association-owner-build-_n56kdbv/weft/crates/weft-core/../../docs/helix/02-design/contracts/security-compile-request-v0.1.schema.json`
  --> crates/weft-core/src/compile.rs:46:32
   |
46 | #[jsonschema::validator(path = "../../docs/helix/02-design/contracts/security-compile-request-v0.1.schema.json")]
   |                                ^^^^^^^^^^^^^^^^^^^^^^^^^^^^^^^^^^^^^^^^^^^^^^^^^^^^^^^^^^^^^^^^^^^^^^^^^^^^^^^^

error: Schema file not found: `/private/var/folders/z0/kv_wlyps77b_txh08w55z99w0000gn/T/association-owner-build-_n56kdbv/weft/crates/weft-core/../../docs/helix/02-design/contracts/security-compile-request-v0.2.schema.json`
  --> crates/weft-core/src/compile.rs:48:32
   |
48 | #[jsonschema::validator(path = "../../docs/helix/02-design/contracts/security-compile-request-v0.2.schema.json")]
   |                                ^^^^^^^^^^^^^^^^^^^^^^^^^^^^^^^^^^^^^^^^^^^^^^^^^^^^^^^^^^^^^^^^^^^^^^^^^^^^^^^^

error: Schema file not found: `/private/var/folders/z0/kv_wlyps77b_txh08w55z99w0000gn/T/association-owner-build-_n56kdbv/weft/crates/weft-core/../../docs/helix/02-design/contracts/compile-request-v0.4.schema.json`
  --> crates/weft-core/src/compile04.rs:11:12
   |
11 |     path = "../../docs/helix/02-design/contracts/compile-request-v0.4.schema.json"
   |            ^^^^^^^^^^^^^^^^^^^^^^^^^^^^^^^^^^^^^^^^^^^^^^^^^^^^^^^^^^^^^^^^^^^^^^^

error: Schema file not found: `/private/var/folders/z0/kv_wlyps77b_txh08w55z99w0000gn/T/association-owner-build-_n56kdbv/weft/crates/weft-core/../../docs/helix/02-design/contracts/compile-request-v0.4.1.schema.json`
  --> crates/weft-core/src/compile041.rs:11:12
   |
11 |     path = "../../docs/helix/02-design/contracts/compile-request-v0.4.1.schema.json"
   |            ^^^^^^^^^^^^^^^^^^^^^^^^^^^^^^^^^^^^^^^^^^^^^^^^^^^^^^^^^^^^^^^^^^^^^^^^^

error: Schema file not found: `/private/var/folders/z0/kv_wlyps77b_txh08w55z99w0000gn/T/association-owner-build-_n56kdbv/weft/crates/weft-core/../../docs/helix/02-design/contracts/logical-plan-v0.4.schema.json`
  --> crates/weft-core/src/path_ir.rs:25:12
   |
25 |     path = "../../docs/helix/02-design/contracts/logical-plan-v0.4.schema.json"
   |            ^^^^^^^^^^^^^^^^^^^^^^^^^^^^^^^^^^^^^^^^^^^^^^^^^^^^^^^^^^^^^^^^^^^^

error: Schema file not found: `/private/var/folders/z0/kv_wlyps77b_txh08w55z99w0000gn/T/association-owner-build-_n56kdbv/weft/crates/weft-core/../../docs/helix/02-design/contracts/logical-plan-v0.4.1.schema.json`
  --> crates/weft-core/src/path_ir.rs:29:12
   |
29 |     path = "../../docs/helix/02-design/contracts/logical-plan-v0.4.1.schema.json"
   |            ^^^^^^^^^^^^^^^^^^^^^^^^^^^^^^^^^^^^^^^^^^^^^^^^^^^^^^^^^^^^^^^^^^^^^^

error: couldn't read `crates/weft-core/src/../../../docs/helix/02-design/contracts/logical-plan-v0.4.1.schema.json`: No such file or directory (os error 2)
 --> crates/weft-core/src/backend03_emission.rs:9:49
  |
9 | ...   let plan:Value=serde_json::from_str(include_str!("../../../docs/helix/02-design/contracts/logical-plan-v0.4.1.schema.json")).ok()?;
  |                                           ^^^^^^^^^^^^^^^^^^^^^^^^^^^^^^^^^^^^^^^^^^^^^^^^^^^^^^^^^^^^^^^^^^^^^^^^^^^^^^^^^^^^^^^

error: couldn't read `crates/weft-core/src/../../../docs/helix/02-design/contracts/compile-response-v0.4.1.schema.json`: No such file or directory (os error 2)
  --> crates/weft-core/src/backend03_emission.rs:10:53
   |
10 | ...serde_json::from_str(include_str!("../../../docs/helix/02-design/contracts/compile-response-v0.4.1.schema.json")).ok()?;
   |                         ^^^^^^^^^^^^^^^^^^^^^^^^^^^^^^^^^^^^^^^^^^^^^^^^^^^^^^^^^^^^^^^^^^^^^^^^^^^^^^^^^^^^^^^^^^^

error: couldn't read `crates/weft-core/src/../../../docs/helix/02-design/contracts/logical-plan-v0.4.schema.json`: No such file or directory (os error 2)
  --> crates/weft-core/src/backend03_emission.rs:17:44
   |
17 |       let plan: Value = serde_json::from_str(include_str!(
   |  ____________________________________________^
18 | |         "../../../docs/helix/02-design/contracts/logical-plan-v0.4.schema.json"
19 | |     ))
   | |_____^

error: couldn't read `crates/weft-core/src/../../../docs/helix/02-design/contracts/compile-response-v0.4.schema.json`: No such file or directory (os error 2)
  --> crates/weft-core/src/backend03_emission.rs:21:48
   |
21 |       let response: Value = serde_json::from_str(include_str!(
   |  ________________________________________________^
22 | |         "../../../docs/helix/02-design/contracts/compile-response-v0.4.schema.json"
23 | |     ))
   | |_____^

error: Schema file not found: `/private/var/folders/z0/kv_wlyps77b_txh08w55z99w0000gn/T/association-owner-build-_n56kdbv/weft/crates/weft-core/../../docs/helix/02-design/contracts/backend-manifest-v0.3.schema.json`
  --> crates/weft-core/src/backend03_manifest.rs:15:12
   |
15 |     path = "../../docs/helix/02-design/contracts/backend-manifest-v0.3.schema.json"
   |            ^^^^^^^^^^^^^^^^^^^^^^^^^^^^^^^^^^^^^^^^^^^^^^^^^^^^^^^^^^^^^^^^^^^^^^^^

error: Schema file not found: `/private/var/folders/z0/kv_wlyps77b_txh08w55z99w0000gn/T/association-owner-build-_n56kdbv/weft/crates/weft-core/../../docs/helix/02-design/contracts/backend-manifest-v0.3.1.schema.json`
  --> crates/weft-core/src/backend03_manifest.rs:19:12
   |
19 |     path = "../../docs/helix/02-design/contracts/backend-manifest-v0.3.1.schema.json"
   |            ^^^^^^^^^^^^^^^^^^^^^^^^^^^^^^^^^^^^^^^^^^^^^^^^^^^^^^^^^^^^^^^^^^^^^^^^^^

warning: unused import: `Identity`
 --> crates/weft-core/src/application_scope.rs:8:18
  |
8 |     ir::{Family, Identity, LogicalType},
  |                  ^^^^^^^^
  |
  = note: `#[warn(unused_imports)]` on by default

warning: unused imports: `Column`, `Descriptor`, `LiteralKind`, `Literal`, `Name`, `Record`, `Shape`, and `exact`
 --> crates/weft-core/src/application_resolve.rs:3:25
  |
3 |     application_model::{Descriptor, Shape},
  |                         ^^^^^^^^^^  ^^^^^
...
6 |     exact,
  |     ^^^^^
7 |     ir::{Family, Identity, LogicalType},
8 |     model::{Catalog, Record},
  |                      ^^^^^^
9 |     syntax::{Column, Literal, LiteralKind, Name},
  |              ^^^^^^  ^^^^^^^  ^^^^^^^^^^^  ^^^^

error[E0433]: failed to resolve: use of undeclared type `ProfileSchema`
  --> crates/weft-core/src/security_query_profile.rs:58:55
   |
58 |   let value=checked_json(raw).map_err(|_|fail())?;if !ProfileSchema::is_valid(&value){return Err(fail());}
   |                                                       ^^^^^^^^^^^^^ use of undeclared type `ProfileSchema`

error[E0433]: failed to resolve: use of undeclared type `Request01`
   --> crates/weft-core/src/compile.rs:134:17
    |
134 |                 Request01::is_valid(&input)
    |                 ^^^^^^^^^
    |                 |
    |                 use of undeclared type `Request01`
    |                 help: a struct with a similar name exists: `Request`

error[E0433]: failed to resolve: use of undeclared type `RequestSecurity02`
   --> crates/weft-core/src/compile.rs:136:17
    |
136 |                 RequestSecurity02::is_valid(&input)
    |                 ^^^^^^^^^^^^^^^^^ use of undeclared type `RequestSecurity02`

error[E0433]: failed to resolve: use of undeclared type `RequestSecurity01`
   --> crates/weft-core/src/compile.rs:138:17
    |
138 |                 RequestSecurity01::is_valid(&input)
    |                 ^^^^^^^^^^^^^^^^^ use of undeclared type `RequestSecurity01`

error[E0433]: failed to resolve: use of undeclared type `Request02`
   --> crates/weft-core/src/compile.rs:140:17
    |
140 |                 Request02::is_valid(&input)
    |                 ^^^^^^^^^
    |                 |
    |                 use of undeclared type `Request02`
    |                 help: a struct with a similar name exists: `Request`

error[E0433]: failed to resolve: use of undeclared type `Request03`
   --> crates/weft-core/src/compile.rs:142:17
    |
142 |                 Request03::is_valid(&input)
    |                 ^^^^^^^^^
    |                 |
    |                 use of undeclared type `Request03`
    |                 help: a struct with a similar name exists: `Request`

error[E0433]: failed to resolve: use of undeclared type `Request04`
   --> crates/weft-core/src/compile04.rs:295:13
    |
295 |         if !Request04::is_valid(&input) {
    |             ^^^^^^^^^
    |             |
    |             use of undeclared type `Request04`
    |             help: a struct with a similar name exists: `Request`

error[E0433]: failed to resolve: use of undeclared type `Request041`
  --> crates/weft-core/src/compile041.rs:91:13
   |
91 |         if !Request041::is_valid(&input) {
   |             ^^^^^^^^^^
   |             |
   |             use of undeclared type `Request041`
   |             help: a struct with a similar name exists: `Request`

error[E0433]: failed to resolve: use of undeclared type `PlanSchema041`
   --> crates/weft-core/src/path_ir.rs:387:13
    |
387 |             PlanSchema041::is_valid(&value)
    |             ^^^^^^^^^^^^^ use of undeclared type `PlanSchema041`

error[E0433]: failed to resolve: use of undeclared type `PlanSchema04`
   --> crates/weft-core/src/path_ir.rs:389:13
    |
389 |             PlanSchema04::is_valid(&value)
    |             ^^^^^^^^^^^^ use of undeclared type `PlanSchema04`

error[E0433]: failed to resolve: use of undeclared type `Schema`
  --> crates/weft-core/src/backend03_manifest.rs:28:10
   |
28 |     if !(Schema::is_valid(&v) || Schema041::is_valid(&v)) {
   |          ^^^^^^ use of undeclared type `Schema`

error[E0433]: failed to resolve: use of undeclared type `Schema041`
  --> crates/weft-core/src/backend03_manifest.rs:28:34
   |
28 |     if !(Schema::is_valid(&v) || Schema041::is_valid(&v)) {
   |                                  ^^^^^^^^^ use of undeclared type `Schema041`

error[E0433]: failed to resolve: use of undeclared type `Schema`
  --> crates/weft-core/src/backend03_manifest.rs:41:10
   |
41 |     if !(Schema::is_valid(&value) || Schema041::is_valid(&value)) || !unique(&m.evidence) {
   |          ^^^^^^ use of undeclared type `Schema`

error[E0433]: failed to resolve: use of undeclared type `Schema041`
  --> crates/weft-core/src/backend03_manifest.rs:41:38
   |
41 |     if !(Schema::is_valid(&value) || Schema041::is_valid(&value)) || !unique(&m.evidence) {
   |                                      ^^^^^^^^^ use of undeclared type `Schema041`

For more information about this error, try `rustc --explain E0433`.
warning: `weft-core` (lib) generated 2 warnings
error: could not compile `weft-core` (lib) due to 31 previous errors; 2 warnings emitted
